Archive member included to satisfy reference by file (symbol)

C:/Users/ronal/.pico-sdk/toolchain/13_3_Rel1/bin/../lib/gcc/arm-none-eabi/13.3.1/thumb/v6-m/nofp\libgcc.a(_dvmd_tls.o)
                              CMakeFiles/Menu_oled.dir/C_/Users/ronal/.pico-sdk/sdk/2.1.0/src/rp2_common/pico_divider/divider_hardware.S.obj (__aeabi_idiv0)
C:/Users/ronal/.pico-sdk/toolchain/13_3_Rel1/bin/../lib/gcc/arm-none-eabi/13.3.1/thumb/v6-m/nofp\libg.a(libc_a-calloc.o)
                              CMakeFiles/Menu_oled.dir/C_/Users/ronal/.pico-sdk/sdk/2.1.0/src/rp2_common/pico_malloc/malloc.c.obj (calloc)
C:/Users/ronal/.pico-sdk/toolchain/13_3_Rel1/bin/../lib/gcc/arm-none-eabi/13.3.1/thumb/v6-m/nofp\libg.a(libc_a-callocr.o)
                              C:/Users/ronal/.pico-sdk/toolchain/13_3_Rel1/bin/../lib/gcc/arm-none-eabi/13.3.1/thumb/v6-m/nofp\libg.a(libc_a-calloc.o) (_calloc_r)
C:/Users/ronal/.pico-sdk/toolchain/13_3_Rel1/bin/../lib/gcc/arm-none-eabi/13.3.1/thumb/v6-m/nofp\libg.a(libc_a-malloc.o)
                              CMakeFiles/Menu_oled.dir/C_/Users/ronal/.pico-sdk/sdk/2.1.0/src/rp2_common/pico_malloc/malloc.c.obj (malloc)
C:/Users/ronal/.pico-sdk/toolchain/13_3_Rel1/bin/../lib/gcc/arm-none-eabi/13.3.1/thumb/v6-m/nofp\libg.a(libc_a-mallocr.o)
                              C:/Users/ronal/.pico-sdk/toolchain/13_3_Rel1/bin/../lib/gcc/arm-none-eabi/13.3.1/thumb/v6-m/nofp\libg.a(libc_a-callocr.o) (_malloc_r)
C:/Users/ronal/.pico-sdk/toolchain/13_3_Rel1/bin/../lib/gcc/arm-none-eabi/13.3.1/thumb/v6-m/nofp\libg.a(libc_a-mlock.o)
                              C:/Users/ronal/.pico-sdk/toolchain/13_3_Rel1/bin/../lib/gcc/arm-none-eabi/13.3.1/thumb/v6-m/nofp\libg.a(libc_a-mallocr.o) (__malloc_lock)
C:/Users/ronal/.pico-sdk/toolchain/13_3_Rel1/bin/../lib/gcc/arm-none-eabi/13.3.1/thumb/v6-m/nofp\libg.a(libc_a-realloc.o)
                              CMakeFiles/Menu_oled.dir/C_/Users/ronal/.pico-sdk/sdk/2.1.0/src/rp2_common/pico_malloc/malloc.c.obj (realloc)
C:/Users/ronal/.pico-sdk/toolchain/13_3_Rel1/bin/../lib/gcc/arm-none-eabi/13.3.1/thumb/v6-m/nofp\libg.a(libc_a-reallocr.o)
                              C:/Users/ronal/.pico-sdk/toolchain/13_3_Rel1/bin/../lib/gcc/arm-none-eabi/13.3.1/thumb/v6-m/nofp\libg.a(libc_a-realloc.o) (_realloc_r)
C:/Users/ronal/.pico-sdk/toolchain/13_3_Rel1/bin/../lib/gcc/arm-none-eabi/13.3.1/thumb/v6-m/nofp\libg.a(libc_a-memcmp.o)
                              CMakeFiles/Menu_oled.dir/C_/Users/ronal/.pico-sdk/sdk/2.1.0/src/rp2_common/pico_atomic/atomic.c.obj (memcmp)
C:/Users/ronal/.pico-sdk/toolchain/13_3_Rel1/bin/../lib/gcc/arm-none-eabi/13.3.1/thumb/v6-m/nofp\libg.a(libc_a-memmove.o)
                              C:/Users/ronal/.pico-sdk/toolchain/13_3_Rel1/bin/../lib/gcc/arm-none-eabi/13.3.1/thumb/v6-m/nofp\libg.a(libc_a-reallocr.o) (memmove)
C:/Users/ronal/.pico-sdk/toolchain/13_3_Rel1/bin/../lib/gcc/arm-none-eabi/13.3.1/thumb/v6-m/nofp\libg.a(libc_a-lcltime_r.o)
                              CMakeFiles/Menu_oled.dir/C_/Users/ronal/.pico-sdk/sdk/2.1.0/src/common/pico_util/datetime.c.obj (localtime_r)
C:/Users/ronal/.pico-sdk/toolchain/13_3_Rel1/bin/../lib/gcc/arm-none-eabi/13.3.1/thumb/v6-m/nofp\libg.a(libc_a-mktime.o)
                              CMakeFiles/Menu_oled.dir/C_/Users/ronal/.pico-sdk/sdk/2.1.0/src/common/pico_util/datetime.c.obj (mktime)
C:/Users/ronal/.pico-sdk/toolchain/13_3_Rel1/bin/../lib/gcc/arm-none-eabi/13.3.1/thumb/v6-m/nofp\libg.a(libc_a-month_lengths.o)
                              C:/Users/ronal/.pico-sdk/toolchain/13_3_Rel1/bin/../lib/gcc/arm-none-eabi/13.3.1/thumb/v6-m/nofp\libg.a(libc_a-lcltime_r.o) (__month_lengths)
C:/Users/ronal/.pico-sdk/toolchain/13_3_Rel1/bin/../lib/gcc/arm-none-eabi/13.3.1/thumb/v6-m/nofp\libg.a(libc_a-tzcalc_limits.o)
                              C:/Users/ronal/.pico-sdk/toolchain/13_3_Rel1/bin/../lib/gcc/arm-none-eabi/13.3.1/thumb/v6-m/nofp\libg.a(libc_a-lcltime_r.o) (__tzcalc_limits)
C:/Users/ronal/.pico-sdk/toolchain/13_3_Rel1/bin/../lib/gcc/arm-none-eabi/13.3.1/thumb/v6-m/nofp\libg.a(libc_a-tzlock.o)
                              C:/Users/ronal/.pico-sdk/toolchain/13_3_Rel1/bin/../lib/gcc/arm-none-eabi/13.3.1/thumb/v6-m/nofp\libg.a(libc_a-lcltime_r.o) (__tz_lock)
C:/Users/ronal/.pico-sdk/toolchain/13_3_Rel1/bin/../lib/gcc/arm-none-eabi/13.3.1/thumb/v6-m/nofp\libg.a(libc_a-tzset.o)
                              C:/Users/ronal/.pico-sdk/toolchain/13_3_Rel1/bin/../lib/gcc/arm-none-eabi/13.3.1/thumb/v6-m/nofp\libg.a(libc_a-lcltime_r.o) (_tzset_unlocked)
C:/Users/ronal/.pico-sdk/toolchain/13_3_Rel1/bin/../lib/gcc/arm-none-eabi/13.3.1/thumb/v6-m/nofp\libg.a(libc_a-tzset_r.o)
                              C:/Users/ronal/.pico-sdk/toolchain/13_3_Rel1/bin/../lib/gcc/arm-none-eabi/13.3.1/thumb/v6-m/nofp\libg.a(libc_a-tzset.o) (_tzset_unlocked_r)
C:/Users/ronal/.pico-sdk/toolchain/13_3_Rel1/bin/../lib/gcc/arm-none-eabi/13.3.1/thumb/v6-m/nofp\libg.a(libc_a-tzvars.o)
[...]
Memory Configuration

Name             Origin             Length             Attributes
FLASH            0x10000000         0x00200000         xr
RAM              0x20000000         0x00040000         xrw
SCRATCH_X        0x20040000         0x00001000         xrw
SCRATCH_Y        0x20041000         0x00001000         xrw
*default*        0x00000000         0xffffffff

Linker script and memory map

LOAD C:/Users/ronal/.pico-sdk/toolchain/13_3_Rel1/bin/../lib/gcc/arm-none-eabi/13.3.1/thumb/v6-m/nofp/crti.o
LOAD C:/Users/ronal/.pico-sdk/toolchain/13_3_Rel1/bin/../lib/gcc/arm-none-eabi/13.3.1/thumb/v6-m/nofp/crtbegin.o
LOAD C:/Users/ronal/.pico-sdk/toolchain/13_3_Rel1/bin/../lib/gcc/arm-none-eabi/13.3.1/thumb/v6-m/nofp/crt0.o

.flash_begin    0x10000000        0x0
                0x10000000                        __flash_binary_start = .

.boot2          0x10000000      0x100
                0x10000000                        __boot2_start__ = .
 *(.boot2)
 .boot2         0x10000000      0x100 pico-sdk/src/rp2040/boot_stage2/CMakeFiles/bs2_default_library.dir/./bs2_default_padded_checksummed.S.obj
                0x10000100                        __boot2_end__ = .
                0x00000001                        ASSERT (((__boot2_end__ - __boot2_start__) == 0x100), ERROR: Pico second stage bootloader must be 256 bytes in size)

.text           0x10000100     0x7bac
                0x10000100                        __logical_binary_start = .
 *(.vectors)
 .vectors       0x10000100       0xd4 CMakeFiles/Menu_oled.dir/C_/Users/ronal/.pico-sdk/sdk/2.1.0/src/rp2_common/pico_crt0/crt0.S.obj
                0x10000100                __VECTOR_TABLE
                0x10000100                __vectors
                0x100001c0                isr_invalid
                0x100001c0                __default_isrs_start
                0x100001c2                isr_nmi
                0x100001c4                isr_hardfault
                0x100001c6                isr_svcall
                0x100001c8                isr_pendsv
                0x100001ca                isr_systick
                0x100001cc                isr_irq23
                0x100001cc                isr_irq18
                0x100001cc                isr_irq11
                0x100001cc                isr_irq28
                0x100001cc                isr_irq19
                0x100001cc                isr_irq0
                0x100001cc                isr_irq6
                0x100001cc                isr_irq5
                0x100001cc                isr_irq12
                0x100001cc                isr_irq22
                0x100001cc                isr_irq31
                0x100001cc                isr_irq17
                0x100001cc                isr_irq27
                0x100001cc                isr_irq30
                0x100001cc                isr_irq2
                0x100001cc                isr_irq10
                0x100001cc                isr_irq8
                0x100001cc                isr_irq24
                0x100001cc                isr_irq1
                0x100001cc                isr_irq7
                0x100001cc                isr_irq21
                0x100001cc                isr_irq20
                0x100001cc                isr_irq15
                0x100001cc                isr_irq25
                0x100001cc                isr_irq13
                0x100001cc                __unhandled_user_irq
                0x100001cc                isr_irq4
                0x100001cc                isr_irq16
                0x100001cc                isr_irq29
                0x100001cc                isr_irq26
                0x100001cc                __default_isrs_end
                0x100001cc                isr_irq3
                0x100001cc                isr_irq14
                0x100001cc                isr_irq9
                0x100001d2                unhandled_user_irq_num_in_r0
 *(.binary_info_header)
 .binary_info_header
                0x100001d4       0x14 CMakeFiles/Menu_oled.dir/C_/Users/ronal/.pico-sdk/sdk/2.1.0/src/rp2_common/pico_crt0/crt0.S.obj
                0x100001e8                        __binary_info_header_end = .
 *(.embedded_block)
                0x100001e8                        __embedded_block_end = .
 *(.reset)
 .reset         0x100001e8       0x9c CMakeFiles/Menu_oled.dir/C_/Users/ronal/.pico-sdk/sdk/2.1.0/src/rp2_common/pico_crt0/crt0.S.obj
                0x100001e8                _entry_point
 *(.init)
 .init          0x10000284        0x4 C:/Users/ronal/.pico-sdk/toolchain/13_3_Rel1/bin/../lib/gcc/arm-none-eabi/13.3.1/thumb/v6-m/nofp/crti.o
                0x10000284                _init
 *(EXCLUDE_FILE(*libm.a: *libc.a:*lib_a-mem*.o *libgcc.a:) .text*)
 .text.register_tm_clones
                0x10000288       0x28 C:/Users/ronal/.pico-sdk/toolchain/13_3_Rel1/bin/../lib/gcc/arm-none-eabi/13.3.1/thumb/v6-m/nofp/crtbegin.o
 .text.frame_dummy
                0x100002b0       0x24 C:/Users/ronal/.pico-sdk/toolchain/13_3_Rel1/bin/../lib/gcc/arm-none-eabi/13.3.1/thumb/v6-m/nofp/crtbegin.o
 .text.main_joystick
                0x100002d4      0x190 CMakeFiles/Menu_oled.dir/Menu_oled.c.obj
                0x100002d4                main_joystick
 .text.main_buzzer
                0x10000464      0x110 CMakeFiles/Menu_oled.dir/Menu_oled.c.obj
                0x10000464                main_buzzer
 .text.main_LEDRGB
                0x10000574      0x19c CMakeFiles/Menu_oled.dir/Menu_oled.c.obj
                0x10000574                main_LEDRGB
 .text.setup    0x10000710      0x1d0 CMakeFiles/Menu_oled.dir/Menu_oled.c.obj
                0x10000710                setup
 .text.print_menu
                0x100008e0       0x94 CMakeFiles/Menu_oled.dir/Menu_oled.c.obj
                0x100008e0                print_menu
 .text.startup.main
                0x10000974       0xd8 CMakeFiles/Menu_oled.dir/Menu_oled.c.obj
                0x10000974                main
 .text.ssd1306_draw_char_with_font.part.0
                0x10000a4c      0x160 CMakeFiles/Menu_oled.dir/ssd1306.c.obj
 .text.ssd1306_init
                0x10000bac      0x144 CMakeFiles/Menu_oled.dir/ssd1306.c.obj
                0x10000bac                ssd1306_init
 .text.ssd1306_clear
                0x10000cf0       0x10 CMakeFiles/Menu_oled.dir/ssd1306.c.obj
                0x10000cf0                ssd1306_clear
 .text.ssd1306_draw_line
                0x10000d00       0xd4 CMakeFiles/Menu_oled.dir/ssd1306.c.obj
                0x10000d00                ssd1306_draw_line
 .text.ssd1306_draw_empty_square
                0x10000dd4       0x58 CMakeFiles/Menu_oled.dir/ssd1306.c.obj
                0x10000dd4                ssd1306_draw_empty_square
 .text.ssd1306_draw_string
                0x10000e2c       0x68 CMakeFiles/Menu_oled.dir/ssd1306.c.obj
                0x10000e2c                ssd1306_draw_string
 .text.ssd1306_show
                0x10000e94       0xd0 CMakeFiles/Menu_oled.dir/ssd1306.c.obj
                0x10000e94                ssd1306_show
 .text.gpio_set_function
                0x10000f64       0x34 CMakeFiles/Menu_oled.dir/C_/Users/ronal/.pico-sdk/sdk/2.1.0/src/rp2_common/hardware_gpio/gpio.c.obj
                0x10000f64                gpio_set_function
 .text.gpio_set_pulls
                0x10000f98       0x28 CMakeFiles/Menu_oled.dir/C_/Users/ronal/.pico-sdk/sdk/2.1.0/src/rp2_common/hardware_gpio/gpio.c.obj
                0x10000f98                gpio_set_pulls
 .text.gpio_set_input_enabled
                0x10000fc0       0x28 CMakeFiles/Menu_oled.dir/C_/Users/ronal/.pico-sdk/sdk/2.1.0/src/rp2_common/hardware_gpio/gpio.c.obj
                0x10000fc0                gpio_set_input_enabled
 .text.gpio_init
                0x10000fe8       0x40 CMakeFiles/Menu_oled.dir/C_/Users/ronal/.pico-sdk/sdk/2.1.0/src/rp2_common/hardware_gpio/gpio.c.obj
                0x10000fe8                gpio_init
 .text.rp2040_chip_version
                0x10001028        0xc CMakeFiles/Menu_oled.dir/C_/Users/ronal/.pico-sdk/sdk/2.1.0/src/rp2040/pico_platform/platform.c.obj
                0x10001028                rp2040_chip_version
 .text.panic    0x10001034       0x30 CMakeFiles/Menu_oled.dir/C_/Users/ronal/.pico-sdk/sdk/2.1.0/src/rp2_common/pico_platform_panic/panic.c.obj
                0x10001034                panic
 .text.hw_claim_or_assert
                0x10001064       0x44 CMakeFiles/Menu_oled.dir/C_/Users/ronal/.pico-sdk/sdk/2.1.0/src/common/hardware_claim/claim.c.obj
                0x10001064                hw_claim_or_assert
 .text.hw_claim_unused_from_range
                0x100010a8       0x9c CMakeFiles/Menu_oled.dir/C_/Users/ronal/.pico-sdk/sdk/2.1.0/src/common/hardware_claim/claim.c.obj
                0x100010a8                hw_claim_unused_from_range
 .text.next_striped_spin_lock_num
                0x10001144       0x18 CMakeFiles/Menu_oled.dir/C_/Users/ronal/.pico-sdk/sdk/2.1.0/src/rp2_common/hardware_sync/sync.c.obj
                0x10001144                next_striped_spin_lock_num
 .text.spin_lock_claim_unused
                0x1000115c       0x24 CMakeFiles/Menu_oled.dir/C_/Users/ronal/.pico-sdk/sdk/2.1.0/src/rp2_common/hardware_sync/sync.c.obj
                0x1000115c                spin_lock_claim_unused
 .text.spin_locks_reset
                0x10001180       0x1c CMakeFiles/Menu_oled.dir/C_/Users/ronal/.pico-sdk/sdk/2.1.0/src/rp2_common/hardware_sync_spin_lock/sync_spin_lock.c.obj
                0x10001180                spin_locks_reset
 .text.runtime_init_per_core_irq_priorities
                0x1000119c       0x24 CMakeFiles/Menu_oled.dir/C_/Users/ronal/.pico-sdk/sdk/2.1.0/src/rp2_common/hardware_irq/irq.c.obj
                0x1000119c                runtime_init_per_core_irq_priorities
 .text.irq_set_enabled
                0x100011c0       0x24 CMakeFiles/Menu_oled.dir/C_/Users/ronal/.pico-sdk/sdk/2.1.0/src/rp2_common/hardware_irq/irq.c.obj
                0x100011c0                irq_set_enabled
 .text.irq_is_enabled
                0x100011e4       0x18 CMakeFiles/Menu_oled.dir/C_/Users/ronal/.pico-sdk/sdk/2.1.0/src/rp2_common/hardware_irq/irq.c.obj
                0x100011e4                irq_is_enabled
 .text.irq_set_pending
                0x100011fc       0x10 CMakeFiles/Menu_oled.dir/C_/Users/ronal/.pico-sdk/sdk/2.1.0/src/rp2_common/hardware_irq/irq.c.obj
                0x100011fc                irq_set_pending
 .text.irq_has_shared_handler
                0x1000120c       0x2c CMakeFiles/Menu_oled.dir/C_/Users/ronal/.pico-sdk/sdk/2.1.0/src/rp2_common/hardware_irq/irq.c.obj
                0x1000120c                irq_has_shared_handler
 .text.irq_set_exclusive_handler
                0x10001238       0x54 CMakeFiles/Menu_oled.dir/C_/Users/ronal/.pico-sdk/sdk/2.1.0/src/rp2_common/hardware_irq/irq.c.obj
                0x10001238                irq_set_exclusive_handler
 .text.irq_add_shared_handler
                0x1000128c      0x1f4 CMakeFiles/Menu_oled.dir/C_/Users/ronal/.pico-sdk/sdk/2.1.0/src/rp2_common/hardware_irq/irq.c.obj
                0x1000128c                irq_add_shared_handler
 .text.irq_add_tail_to_free_list
                0x10001480       0xb4 CMakeFiles/Menu_oled.dir/C_/Users/ronal/.pico-sdk/sdk/2.1.0/src/rp2_common/hardware_irq/irq.c.obj
                0x10001480                irq_add_tail_to_free_list
 .text.user_irq_claim_unused
                0x10001534       0x2c CMakeFiles/Menu_oled.dir/C_/Users/ronal/.pico-sdk/sdk/2.1.0/src/rp2_common/hardware_irq/irq.c.obj
                0x10001534                user_irq_claim_unused
 .text.lock_init
                0x10001560       0x10 CMakeFiles/Menu_oled.dir/C_/Users/ronal/.pico-sdk/sdk/2.1.0/src/common/pico_sync/lock_core.c.obj
                0x10001560                lock_init
 .text.runtime_init_mutex
                0x10001570       0x50 CMakeFiles/Menu_oled.dir/C_/Users/ronal/.pico-sdk/sdk/2.1.0/src/common/pico_sync/mutex.c.obj
                0x10001570                runtime_init_mutex
 .text.mutex_init
                0x100015c0       0x1c CMakeFiles/Menu_oled.dir/C_/Users/ronal/.pico-sdk/sdk/2.1.0/src/common/pico_sync/mutex.c.obj
                0x100015c0                mutex_init
 .text.critical_section_init
                0x100015dc       0x1c CMakeFiles/Menu_oled.dir/C_/Users/ronal/.pico-sdk/sdk/2.1.0/src/common/pico_sync/critical_section.c.obj
                0x100015dc                critical_section_init
 .text.critical_section_init_with_lock_num
                0x100015f8       0x14 CMakeFiles/Menu_oled.dir/C_/Users/ronal/.pico-sdk/sdk/2.1.0/src/common/pico_sync/critical_section.c.obj
                0x100015f8                critical_section_init_with_lock_num
 .text.sleep_until_callback
                0x1000160c       0x30 CMakeFiles/Menu_oled.dir/C_/Users/ronal/.pico-sdk/sdk/2.1.0/src/common/pico_time/time.c.obj
 .text.alarm_pool_irq_handler
                0x1000163c      0x2fc CMakeFiles/Menu_oled.dir/C_/Users/ronal/.pico-sdk/sdk/2.1.0/src/common/pico_time/time.c.obj
 .text.runtime_init_default_alarm_pool
                0x10001938       0xdc CMakeFiles/Menu_oled.dir/C_/Users/ronal/.pico-sdk/sdk/2.1.0/src/common/pico_time/time.c.obj
                0x10001938                runtime_init_default_alarm_pool
 .text.alarm_pool_get_default
                0x10001a14        0x8 CMakeFiles/Menu_oled.dir/C_/Users/ronal/.pico-sdk/sdk/2.1.0/src/common/pico_time/time.c.obj
                0x10001a14                alarm_pool_get_default
 .text.alarm_pool_add_alarm_at
                0x10001a1c       0xd4 CMakeFiles/Menu_oled.dir/C_/Users/ronal/.pico-sdk/sdk/2.1.0/src/common/pico_time/time.c.obj
                0x10001a1c                alarm_pool_add_alarm_at
 .text.alarm_pool_add_alarm_at_force_in_context
                0x10001af0       0xb0 CMakeFiles/Menu_oled.dir/C_/Users/ronal/.pico-sdk/sdk/2.1.0/src/common/pico_time/time.c.obj
                0x10001af0                alarm_pool_add_alarm_at_force_in_context
 .text.alarm_pool_cancel_alarm
                0x10001ba0       0x74 CMakeFiles/Menu_oled.dir/C_/Users/ronal/.pico-sdk/sdk/2.1.0/src/common/pico_time/time.c.obj
                0x10001ba0                alarm_pool_cancel_alarm
 .text.alarm_pool_core_num
                0x10001c14        0x4 CMakeFiles/Menu_oled.dir/C_/Users/ronal/.pico-sdk/sdk/2.1.0/src/common/pico_time/time.c.obj
                0x10001c14                alarm_pool_core_num
 .text.sleep_until
                0x10001c18       0xd8 CMakeFiles/Menu_oled.dir/C_/Users/ronal/.pico-sdk/sdk/2.1.0/src/common/pico_time/time.c.obj
                0x10001c18                sleep_until
 .text.sleep_us
                0x10001cf0       0x28 CMakeFiles/Menu_oled.dir/C_/Users/ronal/.pico-sdk/sdk/2.1.0/src/common/pico_time/time.c.obj
                0x10001cf0                sleep_us
 .text.sleep_ms
                0x10001d18       0x38 CMakeFiles/Menu_oled.dir/C_/Users/ronal/.pico-sdk/sdk/2.1.0/src/common/pico_time/time.c.obj
                0x10001d18                sleep_ms
 .text.best_effort_wfe_or_timeout
                0x10001d50       0xe0 CMakeFiles/Menu_oled.dir/C_/Users/ronal/.pico-sdk/sdk/2.1.0/src/common/pico_time/time.c.obj
                0x10001d50                best_effort_wfe_or_timeout
 .text.timer_hardware_alarm_claim
                0x10001e30       0x14 CMakeFiles/Menu_oled.dir/C_/Users/ronal/.pico-sdk/sdk/2.1.0/src/rp2_common/hardware_timer/timer.c.obj
                0x10001e30                timer_hardware_alarm_claim
 .text.timer_time_us_64
                0x10001e44       0x10 CMakeFiles/Menu_oled.dir/C_/Users/ronal/.pico-sdk/sdk/2.1.0/src/rp2_common/hardware_timer/timer.c.obj
                0x10001e44                timer_time_us_64
 .text.time_us_64
                0x10001e54       0x14 CMakeFiles/Menu_oled.dir/C_/Users/ronal/.pico-sdk/sdk/2.1.0/src/rp2_common/hardware_timer/timer.c.obj
                0x10001e54                time_us_64
 .text.busy_wait_until
                0x10001e68       0x20 CMakeFiles/Menu_oled.dir/C_/Users/ronal/.pico-sdk/sdk/2.1.0/src/rp2_common/hardware_timer/timer.c.obj
                0x10001e68                busy_wait_until
 .text.clock_configure_int_divider
                0x10001e88       0xf4 CMakeFiles/Menu_oled.dir/C_/Users/ronal/.pico-sdk/sdk/2.1.0/src/rp2_common/hardware_clocks/clocks.c.obj
                0x10001e88                clock_configure_int_divider
 .text.clock_configure_undivided
                0x10001f7c       0xe8 CMakeFiles/Menu_oled.dir/C_/Users/ronal/.pico-sdk/sdk/2.1.0/src/rp2_common/hardware_clocks/clocks.c.obj
                0x10001f7c                clock_configure_undivided
 .text.clock_get_hz
                0x10002064        0xc CMakeFiles/Menu_oled.dir/C_/Users/ronal/.pico-sdk/sdk/2.1.0/src/rp2_common/hardware_clocks/clocks.c.obj
                0x10002064                clock_get_hz
 .text.pll_init
                0x10002070       0xa4 CMakeFiles/Menu_oled.dir/C_/Users/ronal/.pico-sdk/sdk/2.1.0/src/rp2_common/hardware_pll/pll.c.obj
                0x10002070                pll_init
 .text.watchdog_reboot
                0x10002114       0x9c CMakeFiles/Menu_oled.dir/C_/Users/ronal/.pico-sdk/sdk/2.1.0/src/rp2_common/hardware_watchdog/watchdog.c.obj
                0x10002114                watchdog_reboot
 .text.tick_start
                0x100021b0       0x10 CMakeFiles/Menu_oled.dir/C_/Users/ronal/.pico-sdk/sdk/2.1.0/src/rp2_common/hardware_ticks/ticks.c.obj
                0x100021b0                tick_start
 .text.rom_func_lookup
                0x100021c0       0x10 CMakeFiles/Menu_oled.dir/C_/Users/ronal/.pico-sdk/sdk/2.1.0/src/rp2_common/pico_bootrom/bootrom.c.obj
                0x100021c0                rom_func_lookup
 .text.rom_data_lookup
                0x100021d0       0x10 CMakeFiles/Menu_oled.dir/C_/Users/ronal/.pico-sdk/sdk/2.1.0/src/rp2_common/pico_bootrom/bootrom.c.obj
                0x100021d0                rom_data_lookup
 .text.rom_funcs_lookup
                0x100021e0       0x44 CMakeFiles/Menu_oled.dir/C_/Users/ronal/.pico-sdk/sdk/2.1.0/src/rp2_common/pico_bootrom/bootrom.c.obj
                0x100021e0                rom_funcs_lookup
 .text.rom_reset_usb_boot_extra
                0x10002224       0x28 CMakeFiles/Menu_oled.dir/C_/Users/ronal/.pico-sdk/sdk/2.1.0/src/rp2_common/pico_bootrom/bootrom.c.obj
                0x10002224                rom_reset_usb_boot_extra
 .text.xosc_init
                0x1000224c       0x28 CMakeFiles/Menu_oled.dir/C_/Users/ronal/.pico-sdk/sdk/2.1.0/src/rp2_common/hardware_xosc/xosc.c.obj
                0x1000224c                xosc_init
 .text.first_per_core_initializer
                0x10002274        0x4 CMakeFiles/Menu_oled.dir/C_/Users/ronal/.pico-sdk/sdk/2.1.0/src/rp2_common/pico_runtime/runtime.c.obj
 .text.hard_assertion_failure
                0x10002278        0xc CMakeFiles/Menu_oled.dir/C_/Users/ronal/.pico-sdk/sdk/2.1.0/src/rp2_common/pico_runtime/runtime.c.obj
                0x10002278                hard_assertion_failure
 .text.runtime_run_initializers
                0x10002284       0x28 CMakeFiles/Menu_oled.dir/C_/Users/ronal/.pico-sdk/sdk/2.1.0/src/rp2_common/pico_runtime/runtime.c.obj
                0x10002284                runtime_run_initializers
 .text.runtime_init_early_resets
                0x100022ac       0x2c CMakeFiles/Menu_oled.dir/C_/Users/ronal/.pico-sdk/sdk/2.1.0/src/rp2_common/pico_runtime_init/runtime_init.c.obj
                0x100022ac                runtime_init_early_resets
 .text.runtime_init_usb_power_down
                0x100022d8       0x1c CMakeFiles/Menu_oled.dir/C_/Users/ronal/.pico-sdk/sdk/2.1.0/src/rp2_common/pico_runtime_init/runtime_init.c.obj
                0x100022d8                runtime_init_usb_power_down
 .text.runtime_init_post_clock_resets
                0x100022f4       0x20 CMakeFiles/Menu_oled.dir/C_/Users/ronal/.pico-sdk/sdk/2.1.0/src/rp2_common/pico_runtime_init/runtime_init.c.obj
                0x100022f4                runtime_init_post_clock_resets
 .text.runtime_init_rp2040_gpio_ie_disable
                0x10002314       0x14 CMakeFiles/Menu_oled.dir/C_/Users/ronal/.pico-sdk/sdk/2.1.0/src/rp2_common/pico_runtime_init/runtime_init.c.obj
                0x10002314                runtime_init_rp2040_gpio_ie_disable
 .text.runtime_init_spin_locks_reset
                0x10002328        0x8 CMakeFiles/Menu_oled.dir/C_/Users/ronal/.pico-sdk/sdk/2.1.0/src/rp2_common/pico_runtime_init/runtime_init.c.obj
                0x10002328                runtime_init_spin_locks_reset
 .text.runtime_init_install_ram_vector_table
                0x10002330       0x1c CMakeFiles/Menu_oled.dir/C_/Users/ronal/.pico-sdk/sdk/2.1.0/src/rp2_common/pico_runtime_init/runtime_init.c.obj
                0x10002330                runtime_init_install_ram_vector_table
 .text.runtime_init_clocks
                0x1000234c       0xd8 CMakeFiles/Menu_oled.dir/C_/Users/ronal/.pico-sdk/sdk/2.1.0/src/rp2_common/pico_runtime_init/runtime_init_clocks.c.obj
                0x1000234c                runtime_init_clocks
 .text          0x10002424       0x10 CMakeFiles/Menu_oled.dir/C_/Users/ronal/.pico-sdk/sdk/2.1.0/src/rp2_common/pico_bit_ops/bit_ops_aeabi.S.obj
 .text.__wrap___aeabi_idiv
                0x10002434       0x50 CMakeFiles/Menu_oled.dir/C_/Users/ronal/.pico-sdk/sdk/2.1.0/src/rp2_common/pico_divider/divider_hardware.S.obj
                0x10002434                __wrap___aeabi_idivmod
                0x10002434                divmod_s32s32
                0x10002434                div_s32s32
                0x10002434                __wrap___aeabi_idiv
                0x1000243c                divmod_s32s32_unsafe
                0x10002468                divmod_s32s32_savestate
 .text.__wrap___aeabi_uidiv
                0x10002484       0x4c CMakeFiles/Menu_oled.dir/C_/Users/ronal/.pico-sdk/sdk/2.1.0/src/rp2_common/pico_divider/divider_hardware.S.obj
                0x10002484                __wrap___aeabi_uidiv
                0x10002484                __wrap___aeabi_uidivmod
                0x10002484                div_u32u32
                0x10002484                divmod_u32u32
                0x1000248c                divmod_u32u32_unsafe
                0x100024b4                divmod_u32u32_savestate
 .text.__wrap___aeabi_ldiv
                0x100024d0      0x424 CMakeFiles/Menu_oled.dir/C_/Users/ronal/.pico-sdk/sdk/2.1.0/src/rp2_common/pico_divider/divider_hardware.S.obj
                0x100024d0                div_s64s64
                0x100024d0                divmod_s64s64
                0x100024d0                __wrap___aeabi_ldivmod
                0x10002500                divmod_u64u64
                0x10002500                div_u64u64
                0x10002500                __wrap___aeabi_uldivmod
                0x10002510                divmod_u64u64_savestate
                0x10002530                divmod_s64s64_unsafe
                0x100025b8                divmod_u64u64_unsafe
 .text.__wrap___aeabi_darithmetic
                0x100028f4       0x60 CMakeFiles/Menu_oled.dir/C_/Users/ronal/.pico-sdk/sdk/2.1.0/src/rp2_common/pico_double/double_aeabi_rp2040.S.obj
                0x100028f4                __wrap___aeabi_drsub
                0x100028fa                __wrap___aeabi_dsub
                0x10002904                __wrap___aeabi_dadd
                0x1000290e                __wrap___aeabi_ddiv
                0x10002942                __wrap___aeabi_dmul
 .text.__wrap___aeabi_cdcmple
                0x10002954       0x6c CMakeFiles/Menu_oled.dir/C_/Users/ronal/.pico-sdk/sdk/2.1.0/src/rp2_common/pico_double/double_aeabi_rp2040.S.obj
                0x10002954                __wrap___aeabi_cdrcmple
                0x10002964                __wrap___aeabi_cdcmpeq
                0x10002964                __wrap___aeabi_cdcmple
 .text.__wrap___aeabi_dcmplt
                0x100029c0        0xc CMakeFiles/Menu_oled.dir/C_/Users/ronal/.pico-sdk/sdk/2.1.0/src/rp2_common/pico_double/double_aeabi_rp2040.S.obj
                0x100029c0                __wrap___aeabi_dcmplt
 .text.__wrap___aeabi_dcmpge
                0x100029cc       0x10 CMakeFiles/Menu_oled.dir/C_/Users/ronal/.pico-sdk/sdk/2.1.0/src/rp2_common/pico_double/double_aeabi_rp2040.S.obj
                0x100029cc                __wrap___aeabi_dcmpge
 .text.__wrap___aeabi_dcmpgt
                0x100029dc        0xa CMakeFiles/Menu_oled.dir/C_/Users/ronal/.pico-sdk/sdk/2.1.0/src/rp2_common/pico_double/double_aeabi_rp2040.S.obj
                0x100029dc                __wrap___aeabi_dcmpgt
 .text.__wrap___aeabi_dcmpun
                0x100029e6       0x18 CMakeFiles/Menu_oled.dir/C_/Users/ronal/.pico-sdk/sdk/2.1.0/src/rp2_common/pico_double/double_aeabi_rp2040.S.obj
                0x100029e6                __wrap___aeabi_dcmpun
 *fill*         0x100029fe        0x2 
 .text.__wrap___aeabi_i2d
                0x10002a00       0x38 CMakeFiles/Menu_oled.dir/C_/Users/ronal/.pico-sdk/sdk/2.1.0/src/rp2_common/pico_double/double_aeabi_rp2040.S.obj
                0x10002a00                __wrap___aeabi_ui2d
                0x10002a08                __wrap___aeabi_i2d
 .text.__wrap___aeabi_d2iz
                0x10002a38       0x48 CMakeFiles/Menu_oled.dir/C_/Users/ronal/.pico-sdk/sdk/2.1.0/src/rp2_common/pico_double/double_aeabi_rp2040.S.obj
                0x10002a38                double2int_z
                0x10002a38                __wrap___aeabi_d2iz
 .text.__wrap___aeabi_d2uiz
                0x10002a80       0x10 CMakeFiles/Menu_oled.dir/C_/Users/ronal/.pico-sdk/sdk/2.1.0/src/rp2_common/pico_double/double_aeabi_rp2040.S.obj
                0x10002a80                __wrap___aeabi_d2uiz
                0x10002a80                double2uint
 .text.missing_double_func_shim
                0x10002a90        0xc CMakeFiles/Menu_oled.dir/C_/Users/ronal/.pico-sdk/sdk/2.1.0/src/rp2_common/pico_double/double_init_rom_rp2040.c.obj
 .text.__aeabi_double_init
                0x10002a9c       0xa0 CMakeFiles/Menu_oled.dir/C_/Users/ronal/.pico-sdk/sdk/2.1.0/src/rp2_common/pico_double/double_init_rom_rp2040.c.obj
                0x10002a9c                __aeabi_double_init
 .text.double_table_shim_on_use_helper
                0x10002b3c       0x2c CMakeFiles/Menu_oled.dir/C_/Users/ronal/.pico-sdk/sdk/2.1.0/src/rp2_common/pico_double/double_v1_rom_shim_rp2040.S.obj
                0x10002b3c                double_table_shim_on_use_helper
 .text.__aeabi_lmul
                0x10002b68       0x32 CMakeFiles/Menu_oled.dir/C_/Users/ronal/.pico-sdk/sdk/2.1.0/src/rp2_common/pico_int64_ops/pico_int64_ops_aeabi.S.obj
                0x10002b68                __wrap___aeabi_lmul
 *fill*         0x10002b9a        0x2 
 .text.__wrap___aeabi_farithmetic
                0x10002b9c       0x48 CMakeFiles/Menu_oled.dir/C_/Users/ronal/.pico-sdk/sdk/2.1.0/src/rp2_common/pico_float/float_aeabi_rp2040.S.obj
                0x10002b9c                __wrap___aeabi_frsub
                0x10002ba2                __wrap___aeabi_fsub
                0x10002ba8                __wrap___aeabi_fadd
                0x10002bae                __wrap___aeabi_fdiv
                0x10002bd6                __wrap___aeabi_fmul
 .text.__wrap___aeabi_i2f
                0x10002be4       0x44 CMakeFiles/Menu_oled.dir/C_/Users/ronal/.pico-sdk/sdk/2.1.0/src/rp2_common/pico_float/float_aeabi_rp2040.S.obj
                0x10002be4                __wrap___aeabi_i2f
                0x10002be4                int2float
 .text.__wrap___aeabi_f2uiz
                0x10002c28        0xc CMakeFiles/Menu_oled.dir/C_/Users/ronal/.pico-sdk/sdk/2.1.0/src/rp2_common/pico_float/float_aeabi_rp2040.S.obj
                0x10002c28                __wrap___aeabi_f2uiz
                0x10002c28                float2uint_z
 .text.missing_float_func_shim
                0x10002c34        0xc CMakeFiles/Menu_oled.dir/C_/Users/ronal/.pico-sdk/sdk/2.1.0/src/rp2_common/pico_float/float_init_rom_rp2040.c.obj
 .text.__aeabi_float_init
                0x10002c40       0x5c CMakeFiles/Menu_oled.dir/C_/Users/ronal/.pico-sdk/sdk/2.1.0/src/rp2_common/pico_float/float_init_rom_rp2040.c.obj
                0x10002c40                __aeabi_float_init
 .text.__wrap_malloc
                0x10002c9c       0x24 CMakeFiles/Menu_oled.dir/C_/Users/ronal/.pico-sdk/sdk/2.1.0/src/rp2_common/pico_malloc/malloc.c.obj
                0x10002c9c                __wrap_malloc
 .text          0x10002cc0       0x10 CMakeFiles/Menu_oled.dir/C_/Users/ronal/.pico-sdk/sdk/2.1.0/src/rp2_common/pico_mem_ops/mem_ops_aeabi.S.obj
                0x10002cc0                __aeabi_mem_init
 .text.memset   0x10002cd0        0xc CMakeFiles/Menu_oled.dir/C_/Users/ronal/.pico-sdk/sdk/2.1.0/src/rp2_common/pico_mem_ops/mem_ops_aeabi.S.obj
                0x10002cd0                __wrap_memset
 .text.memcpy   0x10002cdc        0xc CMakeFiles/Menu_oled.dir/C_/Users/ronal/.pico-sdk/sdk/2.1.0/src/rp2_common/pico_mem_ops/mem_ops_aeabi.S.obj
                0x10002cdc                __wrap_memcpy
                0x10002cdc                __wrap___aeabi_memcpy
 .text._out_null
                0x10002ce8        0x4 CMakeFiles/Menu_oled.dir/C_/Users/ronal/.pico-sdk/sdk/2.1.0/src/rp2_common/pico_printf/printf.c.obj
 .text._out_rev
                0x10002cec       0xac CMakeFiles/Menu_oled.dir/C_/Users/ronal/.pico-sdk/sdk/2.1.0/src/rp2_common/pico_printf/printf.c.obj
 .text._ntoa_format
                0x10002d98      0x250 CMakeFiles/Menu_oled.dir/C_/Users/ronal/.pico-sdk/sdk/2.1.0/src/rp2_common/pico_printf/printf.c.obj
 .text._out_char
                0x10002fe8       0x10 CMakeFiles/Menu_oled.dir/C_/Users/ronal/.pico-sdk/sdk/2.1.0/src/rp2_common/pico_printf/printf.c.obj
 .text._out_fct
                0x10002ff8       0x10 CMakeFiles/Menu_oled.dir/C_/Users/ronal/.pico-sdk/sdk/2.1.0/src/rp2_common/pico_printf/printf.c.obj
 .text._etoa    0x10003008      0x464 CMakeFiles/Menu_oled.dir/C_/Users/ronal/.pico-sdk/sdk/2.1.0/src/rp2_common/pico_printf/printf.c.obj
 .text._ftoa    0x1000346c      0x3c0 CMakeFiles/Menu_oled.dir/C_/Users/ronal/.pico-sdk/sdk/2.1.0/src/rp2_common/pico_printf/printf.c.obj
 .text._vsnprintf
                0x1000382c      0xbc8 CMakeFiles/Menu_oled.dir/C_/Users/ronal/.pico-sdk/sdk/2.1.0/src/rp2_common/pico_printf/printf.c.obj
 .text.vfctprintf
                0x100043f4       0x20 CMakeFiles/Menu_oled.dir/C_/Users/ronal/.pico-sdk/sdk/2.1.0/src/rp2_common/pico_printf/printf.c.obj
                0x100043f4                vfctprintf
 .text.weak_raw_vprintf
                0x10004414       0x30 CMakeFiles/Menu_oled.dir/C_/Users/ronal/.pico-sdk/sdk/2.1.0/src/rp2_common/pico_printf/printf.c.obj
                0x10004414                weak_raw_vprintf
 .text._exit    0x10004444        0x4 CMakeFiles/Menu_oled.dir/C_/Users/ronal/.pico-sdk/sdk/2.1.0/src/rp2_common/pico_clib_interface/newlib_interface.c.obj
                0x10004444                _exit
 .text._sbrk    0x10004448       0x34 CMakeFiles/Menu_oled.dir/C_/Users/ronal/.pico-sdk/sdk/2.1.0/src/rp2_common/pico_clib_interface/newlib_interface.c.obj
                0x10004448                _sbrk
 .text.exit     0x1000447c        0x8 CMakeFiles/Menu_oled.dir/C_/Users/ronal/.pico-sdk/sdk/2.1.0/src/rp2_common/pico_clib_interface/newlib_interface.c.obj
                0x1000447c                exit
 .text.runtime_init
                0x10004484       0x2c CMakeFiles/Menu_oled.dir/C_/Users/ronal/.pico-sdk/sdk/2.1.0/src/rp2_common/pico_clib_interface/newlib_interface.c.obj
                0x10004484                runtime_init
 .text.stdio_out_chars_no_crlf
                0x100044b0       0x10 CMakeFiles/Menu_oled.dir/C_/Users/ronal/.pico-sdk/sdk/2.1.0/src/rp2_common/pico_stdio/stdio.c.obj
 .text.stdio_out_chars_crlf
                0x100044c0       0x94 CMakeFiles/Menu_oled.dir/C_/Users/ronal/.pico-sdk/sdk/2.1.0/src/rp2_common/pico_stdio/stdio.c.obj
 .text.stdio_buffered_printer
                0x10004554       0x64 CMakeFiles/Menu_oled.dir/C_/Users/ronal/.pico-sdk/sdk/2.1.0/src/rp2_common/pico_stdio/stdio.c.obj
 .text.stdio_put_string
                0x100045b8      0x100 CMakeFiles/Menu_oled.dir/C_/Users/ronal/.pico-sdk/sdk/2.1.0/src/rp2_common/pico_stdio/stdio.c.obj
                0x100045b8                stdio_put_string
 .text.stdio_set_driver_enabled
                0x100046b8       0x30 CMakeFiles/Menu_oled.dir/C_/Users/ronal/.pico-sdk/sdk/2.1.0/src/rp2_common/pico_stdio/stdio.c.obj
                0x100046b8                stdio_set_driver_enabled
 .text.stdio_init_all
                0x100046e8        0x8 CMakeFiles/Menu_oled.dir/C_/Users/ronal/.pico-sdk/sdk/2.1.0/src/rp2_common/pico_stdio/stdio.c.obj
                0x100046e8                stdio_init_all
 .text.__wrap_putchar
                0x100046f0       0x98 CMakeFiles/Menu_oled.dir/C_/Users/ronal/.pico-sdk/sdk/2.1.0/src/rp2_common/pico_stdio/stdio.c.obj
                0x100046f0                __wrap_putchar
                0x100046f0                stdio_putchar
 .text.__wrap_puts
                0x10004788       0x3c CMakeFiles/Menu_oled.dir/C_/Users/ronal/.pico-sdk/sdk/2.1.0/src/rp2_common/pico_stdio/stdio.c.obj
                0x10004788                stdio_puts
                0x10004788                __wrap_puts
 .text.__wrap_vprintf
                0x100047c4       0xd4 CMakeFiles/Menu_oled.dir/C_/Users/ronal/.pico-sdk/sdk/2.1.0/src/rp2_common/pico_stdio/stdio.c.obj
                0x100047c4                stdio_vprintf
                0x100047c4                __wrap_vprintf
 .text.__wrap_printf
                0x10004898       0x18 CMakeFiles/Menu_oled.dir/C_/Users/ronal/.pico-sdk/sdk/2.1.0/src/rp2_common/pico_stdio/stdio.c.obj
                0x10004898                __wrap_printf
                0x10004898                stdio_printf
 .text.resetd_init
                0x100048b0        0x4 CMakeFiles/Menu_oled.dir/C_/Users/ronal/.pico-sdk/sdk/2.1.0/src/rp2_common/pico_stdio_usb/reset_interface.c.obj
 .text.resetd_reset
                0x100048b4        0xc CMakeFiles/Menu_oled.dir/C_/Users/ronal/.pico-sdk/sdk/2.1.0/src/rp2_common/pico_stdio_usb/reset_interface.c.obj
 .text.resetd_open
                0x100048c0       0x28 CMakeFiles/Menu_oled.dir/C_/Users/ronal/.pico-sdk/sdk/2.1.0/src/rp2_common/pico_stdio_usb/reset_interface.c.obj
 .text.resetd_xfer_cb
                0x100048e8        0x4 CMakeFiles/Menu_oled.dir/C_/Users/ronal/.pico-sdk/sdk/2.1.0/src/rp2_common/pico_stdio_usb/reset_interface.c.obj
 .text.resetd_control_xfer_cb
                0x100048ec       0x5c CMakeFiles/Menu_oled.dir/C_/Users/ronal/.pico-sdk/sdk/2.1.0/src/rp2_common/pico_stdio_usb/reset_interface.c.obj
 .text.tud_descriptor_bos_cb
                0x10004948        0x8 CMakeFiles/Menu_oled.dir/C_/Users/ronal/.pico-sdk/sdk/2.1.0/src/rp2_common/pico_stdio_usb/reset_interface.c.obj
                0x10004948                tud_descriptor_bos_cb
 .text.tud_vendor_control_xfer_cb
                0x10004950       0x34 CMakeFiles/Menu_oled.dir/C_/Users/ronal/.pico-sdk/sdk/2.1.0/src/rp2_common/pico_stdio_usb/reset_interface.c.obj
                0x10004950                tud_vendor_control_xfer_cb
 .text.usbd_app_driver_get_cb
                0x10004984        0xc CMakeFiles/Menu_oled.dir/C_/Users/ronal/.pico-sdk/sdk/2.1.0/src/rp2_common/pico_stdio_usb/reset_interface.c.obj
                0x10004984                usbd_app_driver_get_cb
 .text.tud_cdc_line_coding_cb
                0x10004990       0x2c CMakeFiles/Menu_oled.dir/C_/Users/ronal/.pico-sdk/sdk/2.1.0/src/rp2_common/pico_stdio_usb/reset_interface.c.obj
                0x10004990                tud_cdc_line_coding_cb
 .text.stdio_usb_set_chars_available_callback
                0x100049bc       0x14 CMakeFiles/Menu_oled.dir/C_/Users/ronal/.pico-sdk/sdk/2.1.0/src/rp2_common/pico_stdio_usb/stdio_usb.c.obj
                0x100049bc                stdio_usb_set_chars_available_callback
 .text.usb_irq  0x100049d0       0x10 CMakeFiles/Menu_oled.dir/C_/Users/ronal/.pico-sdk/sdk/2.1.0/src/rp2_common/pico_stdio_usb/stdio_usb.c.obj
 .text.timer_task
                0x100049e0       0x64 CMakeFiles/Menu_oled.dir/C_/Users/ronal/.pico-sdk/sdk/2.1.0/src/rp2_common/pico_stdio_usb/stdio_usb.c.obj
 .text.stdio_usb_in_chars
                0x10004a44       0x90 CMakeFiles/Menu_oled.dir/C_/Users/ronal/.pico-sdk/sdk/2.1.0/src/rp2_common/pico_stdio_usb/stdio_usb.c.obj
                0x10004a44                stdio_usb_in_chars
 .text.stdio_usb_out_flush
                0x10004ad4       0x50 CMakeFiles/Menu_oled.dir/C_/Users/ronal/.pico-sdk/sdk/2.1.0/src/rp2_common/pico_stdio_usb/stdio_usb.c.obj
 .text.stdio_usb_out_chars
                0x10004b24      0x104 CMakeFiles/Menu_oled.dir/C_/Users/ronal/.pico-sdk/sdk/2.1.0/src/rp2_common/pico_stdio_usb/stdio_usb.c.obj
 .text.low_priority_worker_irq
                0x10004c28       0xcc CMakeFiles/Menu_oled.dir/C_/Users/ronal/.pico-sdk/sdk/2.1.0/src/rp2_common/pico_stdio_usb/stdio_usb.c.obj
 .text.stdio_usb_init
                0x10004cf4       0xe8 CMakeFiles/Menu_oled.dir/C_/Users/ronal/.pico-sdk/sdk/2.1.0/src/rp2_common/pico_stdio_usb/stdio_usb.c.obj
                0x10004cf4                stdio_usb_init
 .text.tud_descriptor_device_cb
                0x10004ddc        0x8 CMakeFiles/Menu_oled.dir/C_/Users/ronal/.pico-sdk/sdk/2.1.0/src/rp2_common/pico_stdio_usb/stdio_usb_descriptors.c.obj
                0x10004ddc                tud_descriptor_device_cb
 .text.tud_descriptor_configuration_cb
                0x10004de4        0x8 CMakeFiles/Menu_oled.dir/C_/Users/ronal/.pico-sdk/sdk/2.1.0/src/rp2_common/pico_stdio_usb/stdio_usb_descriptors.c.obj
                0x10004de4                tud_descriptor_configuration_cb
 .text.tud_descriptor_string_cb
                0x10004dec       0x78 CMakeFiles/Menu_oled.dir/C_/Users/ronal/.pico-sdk/sdk/2.1.0/src/rp2_common/pico_stdio_usb/stdio_usb_descriptors.c.obj
                0x10004dec                tud_descriptor_string_cb
 .text.startup._retrieve_unique_id_on_boot
                0x10004e64       0x10 CMakeFiles/Menu_oled.dir/C_/Users/ronal/.pico-sdk/sdk/2.1.0/src/rp2_common/pico_unique_id/unique_id.c.obj
 .text.pico_get_unique_board_id_string
                0x10004e74      0x1a8 CMakeFiles/Menu_oled.dir/C_/Users/ronal/.pico-sdk/sdk/2.1.0/src/rp2_common/pico_unique_id/unique_id.c.obj
                0x10004e74                pico_get_unique_board_id_string
 .text.flash_get_unique_id
                0x1000501c       0x3c CMakeFiles/Menu_oled.dir/C_/Users/ronal/.pico-sdk/sdk/2.1.0/src/rp2_common/hardware_flash/flash.c.obj
                0x1000501c                flash_get_unique_id
 .text.dcd_init
                0x10005058       0x8c CMakeFiles/Menu_oled.dir/C_/Users/ronal/.pico-sdk/sdk/2.1.0/lib/tinyusb/src/portable/raspberrypi/rp2040/dcd_rp2040.c.obj
                0x10005058                dcd_init
 .text.dcd_int_enable
                0x100050e4        0xc CMakeFiles/Menu_oled.dir/C_/Users/ronal/.pico-sdk/sdk/2.1.0/lib/tinyusb/src/portable/raspberrypi/rp2040/dcd_rp2040.c.obj
                0x100050e4                dcd_int_enable
 .text.dcd_set_address
                0x100050f0       0x14 CMakeFiles/Menu_oled.dir/C_/Users/ronal/.pico-sdk/sdk/2.1.0/lib/tinyusb/src/portable/raspberrypi/rp2040/dcd_rp2040.c.obj
                0x100050f0                dcd_set_address
 .text.dcd_sof_enable
                0x10005104       0x1c CMakeFiles/Menu_oled.dir/C_/Users/ronal/.pico-sdk/sdk/2.1.0/lib/tinyusb/src/portable/raspberrypi/rp2040/dcd_rp2040.c.obj
                0x10005104                dcd_sof_enable
 .text.dcd_edpt0_status_complete
                0x10005120       0x1c CMakeFiles/Menu_oled.dir/C_/Users/ronal/.pico-sdk/sdk/2.1.0/lib/tinyusb/src/portable/raspberrypi/rp2040/dcd_rp2040.c.obj
                0x10005120                dcd_edpt0_status_complete
 .text.dcd_edpt_open
                0x1000513c      0x108 CMakeFiles/Menu_oled.dir/C_/Users/ronal/.pico-sdk/sdk/2.1.0/lib/tinyusb/src/portable/raspberrypi/rp2040/dcd_rp2040.c.obj
                0x1000513c                dcd_edpt_open
 .text.dcd_edpt_close_all
                0x10005244        0x8 CMakeFiles/Menu_oled.dir/C_/Users/ronal/.pico-sdk/sdk/2.1.0/lib/tinyusb/src/portable/raspberrypi/rp2040/dcd_rp2040.c.obj
                0x10005244                dcd_edpt_close_all
 .text.dcd_edpt_xfer
                0x1000524c       0x24 CMakeFiles/Menu_oled.dir/C_/Users/ronal/.pico-sdk/sdk/2.1.0/lib/tinyusb/src/portable/raspberrypi/rp2040/dcd_rp2040.c.obj
                0x1000524c                dcd_edpt_xfer
 .text.dcd_edpt_stall
                0x10005270       0x34 CMakeFiles/Menu_oled.dir/C_/Users/ronal/.pico-sdk/sdk/2.1.0/lib/tinyusb/src/portable/raspberrypi/rp2040/dcd_rp2040.c.obj
                0x10005270                dcd_edpt_stall
 .text.dcd_edpt_clear_stall
                0x100052a4       0x30 CMakeFiles/Menu_oled.dir/C_/Users/ronal/.pico-sdk/sdk/2.1.0/lib/tinyusb/src/portable/raspberrypi/rp2040/dcd_rp2040.c.obj
                0x100052a4                dcd_edpt_clear_stall
 .text.rp2040_usb_init
                0x100052d4       0x40 CMakeFiles/Menu_oled.dir/C_/Users/ronal/.pico-sdk/sdk/2.1.0/lib/tinyusb/src/portable/raspberrypi/rp2040/rp2040_usb.c.obj
                0x100052d4                rp2040_usb_init
 .text.hw_endpoint_xfer_start
                0x10005314       0x40 CMakeFiles/Menu_oled.dir/C_/Users/ronal/.pico-sdk/sdk/2.1.0/lib/tinyusb/src/portable/raspberrypi/rp2040/rp2040_usb.c.obj
                0x10005314                hw_endpoint_xfer_start
 .text.tud_event_hook_cb
                0x10005354        0x4 CMakeFiles/Menu_oled.dir/C_/Users/ronal/.pico-sdk/sdk/2.1.0/lib/tinyusb/src/device/usbd.c.obj
                0x10005354                tud_event_hook_cb
 .text.tud_sof_cb
                0x10005358        0x4 CMakeFiles/Menu_oled.dir/C_/Users/ronal/.pico-sdk/sdk/2.1.0/lib/tinyusb/src/device/usbd.c.obj
                0x10005358                tud_sof_cb
 .text.tud_descriptor_device_qualifier_cb
                0x1000535c        0x4 CMakeFiles/Menu_oled.dir/C_/Users/ronal/.pico-sdk/sdk/2.1.0/lib/tinyusb/src/device/usbd.c.obj
                0x1000535c                tud_descriptor_device_qualifier_cb
 .text.tud_descriptor_other_speed_configuration_cb
                0x10005360        0x4 CMakeFiles/Menu_oled.dir/C_/Users/ronal/.pico-sdk/sdk/2.1.0/lib/tinyusb/src/device/usbd.c.obj
                0x10005360                tud_descriptor_other_speed_configuration_cb
 .text.tud_mount_cb
                0x10005364        0x4 CMakeFiles/Menu_oled.dir/C_/Users/ronal/.pico-sdk/sdk/2.1.0/lib/tinyusb/src/device/usbd.c.obj
                0x10005364                tud_mount_cb
 .text.tud_umount_cb
                0x10005368        0x4 CMakeFiles/Menu_oled.dir/C_/Users/ronal/.pico-sdk/sdk/2.1.0/lib/tinyusb/src/device/usbd.c.obj
                0x10005368                tud_umount_cb
 .text.tud_suspend_cb
                0x1000536c        0x4 CMakeFiles/Menu_oled.dir/C_/Users/ronal/.pico-sdk/sdk/2.1.0/lib/tinyusb/src/device/usbd.c.obj
                0x1000536c                tud_suspend_cb
 .text.tud_resume_cb
                0x10005370        0x4 CMakeFiles/Menu_oled.dir/C_/Users/ronal/.pico-sdk/sdk/2.1.0/lib/tinyusb/src/device/usbd.c.obj
                0x10005370                tud_resume_cb
 .text.tud_mounted
                0x10005374       0x10 CMakeFiles/Menu_oled.dir/C_/Users/ronal/.pico-sdk/sdk/2.1.0/lib/tinyusb/src/device/usbd.c.obj
                0x10005374                tud_mounted
 .text.tud_suspended
                0x10005384       0x10 CMakeFiles/Menu_oled.dir/C_/Users/ronal/.pico-sdk/sdk/2.1.0/lib/tinyusb/src/device/usbd.c.obj
                0x10005384                tud_suspended
 .text.tud_init
                0x10005394       0xe4 CMakeFiles/Menu_oled.dir/C_/Users/ronal/.pico-sdk/sdk/2.1.0/lib/tinyusb/src/device/usbd.c.obj
                0x10005394                tud_init
 .text.tud_task_ext
                0x10005478      0x800 CMakeFiles/Menu_oled.dir/C_/Users/ronal/.pico-sdk/sdk/2.1.0/lib/tinyusb/src/device/usbd.c.obj
                0x10005478                tud_task_ext
 .text.usbd_open_edpt_pair
                0x10005c78       0x9c CMakeFiles/Menu_oled.dir/C_/Users/ronal/.pico-sdk/sdk/2.1.0/lib/tinyusb/src/device/usbd.c.obj
                0x10005c78                usbd_open_edpt_pair
 .text.usbd_edpt_open
                0x10005d14       0x34 CMakeFiles/Menu_oled.dir/C_/Users/ronal/.pico-sdk/sdk/2.1.0/lib/tinyusb/src/device/usbd.c.obj
                0x10005d14                usbd_edpt_open
 .text.usbd_edpt_claim
                0x10005d48       0x28 CMakeFiles/Menu_oled.dir/C_/Users/ronal/.pico-sdk/sdk/2.1.0/lib/tinyusb/src/device/usbd.c.obj
                0x10005d48                usbd_edpt_claim
 .text.usbd_edpt_release
                0x10005d70       0x28 CMakeFiles/Menu_oled.dir/C_/Users/ronal/.pico-sdk/sdk/2.1.0/lib/tinyusb/src/device/usbd.c.obj
                0x10005d70                usbd_edpt_release
 .text.usbd_edpt_xfer
                0x10005d98       0x4c CMakeFiles/Menu_oled.dir/C_/Users/ronal/.pico-sdk/sdk/2.1.0/lib/tinyusb/src/device/usbd.c.obj
                0x10005d98                usbd_edpt_xfer
 .text.tud_control_status
                0x10005de4       0x2c CMakeFiles/Menu_oled.dir/C_/Users/ronal/.pico-sdk/sdk/2.1.0/lib/tinyusb/src/device/usbd_control.c.obj
                0x10005de4                tud_control_status
 .text.tud_control_xfer
                0x10005e10       0xac CMakeFiles/Menu_oled.dir/C_/Users/ronal/.pico-sdk/sdk/2.1.0/lib/tinyusb/src/device/usbd_control.c.obj
                0x10005e10                tud_control_xfer
 .text.usbd_control_reset
                0x10005ebc       0x14 CMakeFiles/Menu_oled.dir/C_/Users/ronal/.pico-sdk/sdk/2.1.0/lib/tinyusb/src/device/usbd_control.c.obj
                0x10005ebc                usbd_control_reset
 .text.usbd_control_set_complete_callback
                0x10005ed0        0xc CMakeFiles/Menu_oled.dir/C_/Users/ronal/.pico-sdk/sdk/2.1.0/lib/tinyusb/src/device/usbd_control.c.obj
                0x10005ed0                usbd_control_set_complete_callback
 .text.usbd_control_set_request
                0x10005edc       0x1c CMakeFiles/Menu_oled.dir/C_/Users/ronal/.pico-sdk/sdk/2.1.0/lib/tinyusb/src/device/usbd_control.c.obj
                0x10005edc                usbd_control_set_request
 .text.usbd_control_xfer_cb
                0x10005ef8       0xec CMakeFiles/Menu_oled.dir/C_/Users/ronal/.pico-sdk/sdk/2.1.0/lib/tinyusb/src/device/usbd_control.c.obj
                0x10005ef8                usbd_control_xfer_cb
 .text._prep_out_transaction.isra.0
                0x10005fe4       0x5c CMakeFiles/Menu_oled.dir/C_/Users/ronal/.pico-sdk/sdk/2.1.0/lib/tinyusb/src/class/cdc/cdc_device.c.obj
 .text.tud_cdc_n_connected
                0x10006040       0x30 CMakeFiles/Menu_oled.dir/C_/Users/ronal/.pico-sdk/sdk/2.1.0/lib/tinyusb/src/class/cdc/cdc_device.c.obj
                0x10006040                tud_cdc_n_connected
 .text.tud_cdc_n_available
                0x10006070       0x18 CMakeFiles/Menu_oled.dir/C_/Users/ronal/.pico-sdk/sdk/2.1.0/lib/tinyusb/src/class/cdc/cdc_device.c.obj
                0x10006070                tud_cdc_n_available
 .text.tud_cdc_n_read
                0x10006088       0x98 CMakeFiles/Menu_oled.dir/C_/Users/ronal/.pico-sdk/sdk/2.1.0/lib/tinyusb/src/class/cdc/cdc_device.c.obj
                0x10006088                tud_cdc_n_read
 .text.tud_cdc_n_write_flush
                0x10006120       0x78 CMakeFiles/Menu_oled.dir/C_/Users/ronal/.pico-sdk/sdk/2.1.0/lib/tinyusb/src/class/cdc/cdc_device.c.obj
                0x10006120                tud_cdc_n_write_flush
 .text.tud_cdc_n_write
                0x10006198       0x40 CMakeFiles/Menu_oled.dir/C_/Users/ronal/.pico-sdk/sdk/2.1.0/lib/tinyusb/src/class/cdc/cdc_device.c.obj
                0x10006198                tud_cdc_n_write
 .text.tud_cdc_n_write_available
                0x100061d8       0x18 CMakeFiles/Menu_oled.dir/C_/Users/ronal/.pico-sdk/sdk/2.1.0/lib/tinyusb/src/class/cdc/cdc_device.c.obj
                0x100061d8                tud_cdc_n_write_available
 .text.cdcd_init
                0x100061f0       0x7c CMakeFiles/Menu_oled.dir/C_/Users/ronal/.pico-sdk/sdk/2.1.0/lib/tinyusb/src/class/cdc/cdc_device.c.obj
                0x100061f0                cdcd_init
 .text.cdcd_deinit
                0x1000626c       0x34 CMakeFiles/Menu_oled.dir/C_/Users/ronal/.pico-sdk/sdk/2.1.0/lib/tinyusb/src/class/cdc/cdc_device.c.obj
                0x1000626c                cdcd_deinit
 .text.cdcd_reset
                0x100062a0       0x4c CMakeFiles/Menu_oled.dir/C_/Users/ronal/.pico-sdk/sdk/2.1.0/lib/tinyusb/src/class/cdc/cdc_device.c.obj
                0x100062a0                cdcd_reset
 .text.cdcd_open
                0x100062ec       0xb0 CMakeFiles/Menu_oled.dir/C_/Users/ronal/.pico-sdk/sdk/2.1.0/lib/tinyusb/src/class/cdc/cdc_device.c.obj
                0x100062ec                cdcd_open
 .text.cdcd_control_xfer_cb
                0x1000639c       0xe4 CMakeFiles/Menu_oled.dir/C_/Users/ronal/.pico-sdk/sdk/2.1.0/lib/tinyusb/src/class/cdc/cdc_device.c.obj
                0x1000639c                cdcd_control_xfer_cb
 .text.cdcd_xfer_cb
                0x10006480      0x100 CMakeFiles/Menu_oled.dir/C_/Users/ronal/.pico-sdk/sdk/2.1.0/lib/tinyusb/src/class/cdc/cdc_device.c.obj
                0x10006480                cdcd_xfer_cb
 .text.vendord_init
                0x10006580       0x5c CMakeFiles/Menu_oled.dir/C_/Users/ronal/.pico-sdk/sdk/2.1.0/lib/tinyusb/src/class/vendor/vendor_device.c.obj
                0x10006580                vendord_init
 .text.vendord_deinit
                0x100065dc       0x1c CMakeFiles/Menu_oled.dir/C_/Users/ronal/.pico-sdk/sdk/2.1.0/lib/tinyusb/src/class/vendor/vendor_device.c.obj
                0x100065dc                vendord_deinit
 .text.vendord_reset
                0x100065f8       0x20 CMakeFiles/Menu_oled.dir/C_/Users/ronal/.pico-sdk/sdk/2.1.0/lib/tinyusb/src/class/vendor/vendor_device.c.obj
                0x100065f8                vendord_reset
 .text.vendord_open
                0x10006618      0x138 CMakeFiles/Menu_oled.dir/C_/Users/ronal/.pico-sdk/sdk/2.1.0/lib/tinyusb/src/class/vendor/vendor_device.c.obj
                0x10006618                vendord_open
 .text.vendord_xfer_cb
                0x10006750       0x9c CMakeFiles/Menu_oled.dir/C_/Users/ronal/.pico-sdk/sdk/2.1.0/lib/tinyusb/src/class/vendor/vendor_device.c.obj
                0x10006750                vendord_xfer_cb
 .text.tusb_init
                0x100067ec        0xc CMakeFiles/Menu_oled.dir/C_/Users/ronal/.pico-sdk/sdk/2.1.0/lib/tinyusb/src/tusb.c.obj
                0x100067ec                tusb_init
 .text.tu_edpt_claim
                0x100067f8       0x50 CMakeFiles/Menu_oled.dir/C_/Users/ronal/.pico-sdk/sdk/2.1.0/lib/tinyusb/src/tusb.c.obj
                0x100067f8                tu_edpt_claim
 .text.tu_edpt_release
                0x10006848       0x38 CMakeFiles/Menu_oled.dir/C_/Users/ronal/.pico-sdk/sdk/2.1.0/lib/tinyusb/src/tusb.c.obj
                0x10006848                tu_edpt_release
 .text.tu_edpt_validate
                0x10006880       0x7c CMakeFiles/Menu_oled.dir/C_/Users/ronal/.pico-sdk/sdk/2.1.0/lib/tinyusb/src/tusb.c.obj
                0x10006880                tu_edpt_validate
 .text.tu_edpt_bind_driver
                0x100068fc       0x34 CMakeFiles/Menu_oled.dir/C_/Users/ronal/.pico-sdk/sdk/2.1.0/lib/tinyusb/src/tusb.c.obj
                0x100068fc                tu_edpt_bind_driver
 .text.tu_edpt_stream_init
                0x10006930       0x6c CMakeFiles/Menu_oled.dir/C_/Users/ronal/.pico-sdk/sdk/2.1.0/lib/tinyusb/src/tusb.c.obj
                0x10006930                tu_edpt_stream_init
 .text.tu_edpt_stream_deinit
                0x1000699c        0x4 CMakeFiles/Menu_oled.dir/C_/Users/ronal/.pico-sdk/sdk/2.1.0/lib/tinyusb/src/tusb.c.obj
                0x1000699c                tu_edpt_stream_deinit
 .text.tu_edpt_stream_write_zlp_if_needed
                0x100069a0       0x68 CMakeFiles/Menu_oled.dir/C_/Users/ronal/.pico-sdk/sdk/2.1.0/lib/tinyusb/src/tusb.c.obj
                0x100069a0                tu_edpt_stream_write_zlp_if_needed
 .text.tu_edpt_stream_write_xfer
                0x10006a08       0x64 CMakeFiles/Menu_oled.dir/C_/Users/ronal/.pico-sdk/sdk/2.1.0/lib/tinyusb/src/tusb.c.obj
                0x10006a08                tu_edpt_stream_write_xfer
 .text.tu_edpt_stream_read_xfer
                0x10006a6c       0xdc CMakeFiles/Menu_oled.dir/C_/Users/ronal/.pico-sdk/sdk/2.1.0/lib/tinyusb/src/tusb.c.obj
                0x10006a6c                tu_edpt_stream_read_xfer
 .text.tu_fifo_config
                0x10006b48       0x6c CMakeFiles/Menu_oled.dir/C_/Users/ronal/.pico-sdk/sdk/2.1.0/lib/tinyusb/src/common/tusb_fifo.c.obj
                0x10006b48                tu_fifo_config
 .text.tu_fifo_count
                0x10006bb4       0x2c CMakeFiles/Menu_oled.dir/C_/Users/ronal/.pico-sdk/sdk/2.1.0/lib/tinyusb/src/common/tusb_fifo.c.obj
                0x10006bb4                tu_fifo_count
 .text.tu_fifo_empty
                0x10006be0       0x10 CMakeFiles/Menu_oled.dir/C_/Users/ronal/.pico-sdk/sdk/2.1.0/lib/tinyusb/src/common/tusb_fifo.c.obj
                0x10006be0                tu_fifo_empty
 .text.tu_fifo_remaining
                0x10006bf0       0x2c CMakeFiles/Menu_oled.dir/C_/Users/ronal/.pico-sdk/sdk/2.1.0/lib/tinyusb/src/common/tusb_fifo.c.obj
                0x10006bf0                tu_fifo_remaining
 .text.tu_fifo_read
                0x10006c1c       0x9c CMakeFiles/Menu_oled.dir/C_/Users/ronal/.pico-sdk/sdk/2.1.0/lib/tinyusb/src/common/tusb_fifo.c.obj
                0x10006c1c                tu_fifo_read
 .text.tu_fifo_read_n
                0x10006cb8       0xe8 CMakeFiles/Menu_oled.dir/C_/Users/ronal/.pico-sdk/sdk/2.1.0/lib/tinyusb/src/common/tusb_fifo.c.obj
                0x10006cb8                tu_fifo_read_n
 .text.tu_fifo_write
                0x10006da0       0xa8 CMakeFiles/Menu_oled.dir/C_/Users/ronal/.pico-sdk/sdk/2.1.0/lib/tinyusb/src/common/tusb_fifo.c.obj
                0x10006da0                tu_fifo_write
 .text.tu_fifo_write_n
                0x10006e48      0x178 CMakeFiles/Menu_oled.dir/C_/Users/ronal/.pico-sdk/sdk/2.1.0/lib/tinyusb/src/common/tusb_fifo.c.obj
                0x10006e48                tu_fifo_write_n
 .text.tu_fifo_clear
                0x10006fc0       0x40 CMakeFiles/Menu_oled.dir/C_/Users/ronal/.pico-sdk/sdk/2.1.0/lib/tinyusb/src/common/tusb_fifo.c.obj
                0x10006fc0                tu_fifo_clear
 .text.tu_fifo_set_overwritable
                0x10007000       0x48 CMakeFiles/Menu_oled.dir/C_/Users/ronal/.pico-sdk/sdk/2.1.0/lib/tinyusb/src/common/tusb_fifo.c.obj
                0x10007000                tu_fifo_set_overwritable
 .text.i2c_write_blocking_internal.constprop.0
                0x10007048       0xd0 CMakeFiles/Menu_oled.dir/C_/Users/ronal/.pico-sdk/sdk/2.1.0/src/rp2_common/hardware_i2c/i2c.c.obj
 .text.i2c_set_baudrate
                0x10007118       0xc0 CMakeFiles/Menu_oled.dir/C_/Users/ronal/.pico-sdk/sdk/2.1.0/src/rp2_common/hardware_i2c/i2c.c.obj
                0x10007118                i2c_set_baudrate
 .text.i2c_init
                0x100071d8       0x50 CMakeFiles/Menu_oled.dir/C_/Users/ronal/.pico-sdk/sdk/2.1.0/src/rp2_common/hardware_i2c/i2c.c.obj
                0x100071d8                i2c_init
 .text.i2c_write_blocking
                0x10007228       0x14 CMakeFiles/Menu_oled.dir/C_/Users/ronal/.pico-sdk/sdk/2.1.0/src/rp2_common/hardware_i2c/i2c.c.obj
                0x10007228                i2c_write_blocking
 .text.adc_init
                0x1000723c       0x38 CMakeFiles/Menu_oled.dir/C_/Users/ronal/.pico-sdk/sdk/2.1.0/src/rp2_common/hardware_adc/adc.c.obj
                0x1000723c                adc_init
 .text.malloc   0x10007274       0x14 C:/Users/ronal/.pico-sdk/toolchain/13_3_Rel1/bin/../lib/gcc/arm-none-eabi/13.3.1/thumb/v6-m/nofp\libg.a(libc_a-malloc.o)
                0x10007274                malloc
 .text._malloc_r
                0x10007288      0x5c4 C:/Users/ronal/.pico-sdk/toolchain/13_3_Rel1/bin/../lib/gcc/arm-none-eabi/13.3.1/thumb/v6-m/nofp\libg.a(libc_a-mallocr.o)
                0x10007288                _malloc_r
 .text.__malloc_lock
                0x1000784c       0x10 C:/Users/ronal/.pico-sdk/toolchain/13_3_Rel1/bin/../lib/gcc/arm-none-eabi/13.3.1/thumb/v6-m/nofp\libg.a(libc_a-mlock.o)
                0x1000784c                __malloc_lock
 .text.__malloc_unlock
                0x1000785c       0x10 C:/Users/ronal/.pico-sdk/toolchain/13_3_Rel1/bin/../lib/gcc/arm-none-eabi/13.3.1/thumb/v6-m/nofp\libg.a(libc_a-mlock.o)
                0x1000785c                __malloc_unlock
 .text._sbrk_r  0x1000786c       0x24 C:/Users/ronal/.pico-sdk/toolchain/13_3_Rel1/bin/../lib/gcc/arm-none-eabi/13.3.1/thumb/v6-m/nofp\libg.a(libc_a-sbrkr.o)
                0x1000786c                _sbrk_r
 .text.__errno  0x10007890        0xc C:/Users/ronal/.pico-sdk/toolchain/13_3_Rel1/bin/../lib/gcc/arm-none-eabi/13.3.1/thumb/v6-m/nofp\libg.a(libc_a-errno.o)
                0x10007890                __errno
 .text.__retarget_lock_acquire_recursive
                0x1000789c        0x4 C:/Users/ronal/.pico-sdk/toolchain/13_3_Rel1/bin/../lib/gcc/arm-none-eabi/13.3.1/thumb/v6-m/nofp\libg.a(libc_a-lock.o)
                0x1000789c                __retarget_lock_acquire_recursive
 .text.__retarget_lock_release_recursive
                0x100078a0        0x4 C:/Users/ronal/.pico-sdk/toolchain/13_3_Rel1/bin/../lib/gcc/arm-none-eabi/13.3.1/thumb/v6-m/nofp\libg.a(libc_a-lock.o)
                0x100078a0                __retarget_lock_release_recursive
 .text.sysconf  0x100078a4       0x1c C:/Users/ronal/.pico-sdk/toolchain/13_3_Rel1/bin/../lib/gcc/arm-none-eabi/13.3.1/thumb/v6-m/nofp\libg.a(libc_a-sysconf.o)
                0x100078a4                sysconf
 .text.strlen   0x100078c0       0x5c C:/Users/ronal/.pico-sdk/toolchain/13_3_Rel1/bin/../lib/gcc/arm-none-eabi/13.3.1/thumb/v6-m/nofp\libg.a(libc_a-strlen-stub.o)
                0x100078c0                strlen
 .text._malloc_trim_r
                0x1000791c       0xb4 C:/Users/ronal/.pico-sdk/toolchain/13_3_Rel1/bin/../lib/gcc/arm-none-eabi/13.3.1/thumb/v6-m/nofp\libg.a(libc_a-freer.o)
                0x1000791c                _malloc_trim_r
 .text._free_r  0x100079d0      0x1d4 C:/Users/ronal/.pico-sdk/toolchain/13_3_Rel1/bin/../lib/gcc/arm-none-eabi/13.3.1/thumb/v6-m/nofp\libg.a(libc_a-freer.o)
                0x100079d0                _free_r
 *(.fini)
 .fini          0x10007ba4        0x4 C:/Users/ronal/.pico-sdk/toolchain/13_3_Rel1/bin/../lib/gcc/arm-none-eabi/13.3.1/thumb/v6-m/nofp/crti.o
                0x10007ba4                _fini
 .fini.__stub   0x10007ba8       0xc0 linker stubs
 *crtbegin.o(.ctors)
 *crtbegin?.o(.ctors)
 *(EXCLUDE_FILE(*crtend.o *crtend?.o) .ctors)
 *(SORT_BY_NAME(.ctors.*))
 *(.ctors)
 *crtbegin.o(.dtors)
 *crtbegin?.o(.dtors)
 *(EXCLUDE_FILE(*crtend.o *crtend?.o) .dtors)
 *(SORT_BY_NAME(.dtors.*))
 *(.dtors)
                0x10007c68                        . = ALIGN (0x4)
                0x10007c68                        PROVIDE (__preinit_array_start = .)
 *(SORT_BY_NAME(.preinit_array.*))
 .preinit_array.00100
                0x10007c68        0x4 CMakeFiles/Menu_oled.dir/C_/Users/ronal/.pico-sdk/sdk/2.1.0/src/rp2_common/pico_runtime_init/runtime_init.c.obj
                0x10007c68                __pre_init_runtime_init_early_resets
 .preinit_array.00101
                0x10007c6c        0x4 CMakeFiles/Menu_oled.dir/C_/Users/ronal/.pico-sdk/sdk/2.1.0/src/rp2_common/pico_runtime_init/runtime_init.c.obj
                0x10007c6c                __pre_init_runtime_init_usb_power_down
 .preinit_array.00275
                0x10007c70        0x4 CMakeFiles/Menu_oled.dir/C_/Users/ronal/.pico-sdk/sdk/2.1.0/src/rp2_common/pico_bit_ops/bit_ops_aeabi.S.obj
 .preinit_array.00300
                0x10007c74        0x4 CMakeFiles/Menu_oled.dir/C_/Users/ronal/.pico-sdk/sdk/2.1.0/src/rp2_common/pico_mem_ops/mem_ops_aeabi.S.obj
 .preinit_array.00350
                0x10007c78        0x4 CMakeFiles/Menu_oled.dir/C_/Users/ronal/.pico-sdk/sdk/2.1.0/src/rp2_common/pico_double/double_aeabi_rp2040.S.obj
 .preinit_array.00350
                0x10007c7c        0x4 CMakeFiles/Menu_oled.dir/C_/Users/ronal/.pico-sdk/sdk/2.1.0/src/rp2_common/pico_float/float_aeabi_rp2040.S.obj
 .preinit_array.00500
                0x10007c80        0x4 CMakeFiles/Menu_oled.dir/C_/Users/ronal/.pico-sdk/sdk/2.1.0/src/rp2_common/pico_runtime_init/runtime_init.c.obj
                0x10007c80                __pre_init_runtime_init_clocks
 .preinit_array.00600
                0x10007c84        0x4 CMakeFiles/Menu_oled.dir/C_/Users/ronal/.pico-sdk/sdk/2.1.0/src/rp2_common/pico_runtime_init/runtime_init.c.obj
                0x10007c84                __pre_init_runtime_init_post_clock_resets
 .preinit_array.00700
                0x10007c88        0x4 CMakeFiles/Menu_oled.dir/C_/Users/ronal/.pico-sdk/sdk/2.1.0/src/rp2_common/pico_runtime_init/runtime_init.c.obj
                0x10007c88                __pre_init_runtime_init_rp2040_gpio_ie_disable
 .preinit_array.01000
                0x10007c8c        0x4 CMakeFiles/Menu_oled.dir/C_/Users/ronal/.pico-sdk/sdk/2.1.0/src/rp2_common/pico_runtime_init/runtime_init.c.obj
                0x10007c8c                __pre_init_runtime_init_spin_locks_reset
 .preinit_array.01100
                0x10007c90        0x4 CMakeFiles/Menu_oled.dir/C_/Users/ronal/.pico-sdk/sdk/2.1.0/src/common/pico_sync/mutex.c.obj
                0x10007c90                __pre_init_runtime_init_mutex
 .preinit_array.10080
                0x10007c94        0x4 CMakeFiles/Menu_oled.dir/C_/Users/ronal/.pico-sdk/sdk/2.1.0/src/rp2_common/pico_runtime_init/runtime_init.c.obj
                0x10007c94                __pre_init_runtime_init_install_ram_vector_table
 .preinit_array.11000
                0x10007c98        0x4 CMakeFiles/Menu_oled.dir/C_/Users/ronal/.pico-sdk/sdk/2.1.0/src/common/pico_time/time.c.obj
                0x10007c98                __pre_init_runtime_init_default_alarm_pool
 .preinit_array.YYYYY
                0x10007c9c        0x4 CMakeFiles/Menu_oled.dir/C_/Users/ronal/.pico-sdk/sdk/2.1.0/src/rp2_common/pico_runtime/runtime.c.obj
                0x10007c9c                __pre_init_first_per_core_initializer
 .preinit_array.ZZZZZ.01200
                0x10007ca0        0x4 CMakeFiles/Menu_oled.dir/C_/Users/ronal/.pico-sdk/sdk/2.1.0/src/rp2_common/hardware_irq/irq.c.obj
                0x10007ca0                __pre_init_runtime_init_per_core_irq_priorities
 *(.preinit_array)
                0x10007ca4                        PROVIDE (__preinit_array_end = .)
                0x10007ca4                        . = ALIGN (0x4)
                0x10007ca4                        PROVIDE (__init_array_start = .)
 *(SORT_BY_NAME(.init_array.*))
 *(.init_array)
 .init_array    0x10007ca4        0x4 C:/Users/ronal/.pico-sdk/toolchain/13_3_Rel1/bin/../lib/gcc/arm-none-eabi/13.3.1/thumb/v6-m/nofp/crtbegin.o
 .init_array    0x10007ca8        0x4 CMakeFiles/Menu_oled.dir/C_/Users/ronal/.pico-sdk/sdk/2.1.0/src/rp2_common/pico_unique_id/unique_id.c.obj
                0x10007cac                        PROVIDE (__init_array_end = .)
                0x10007cac                        . = ALIGN (0x4)
                [!provide]                        PROVIDE (__fini_array_start = .)
 *(SORT_BY_NAME(.fini_array.*))
 *(.fini_array)
                [!provide]                        PROVIDE (__fini_array_end = .)
 *(.eh_frame*)
 .eh_frame      0x10007cac        0x0 C:/Users/ronal/.pico-sdk/toolchain/13_3_Rel1/bin/../lib/gcc/arm-none-eabi/13.3.1/thumb/v6-m/nofp/crtbegin.o
                0x10007cac                        . = ALIGN (0x4)

.glue_7         0x10007cac        0x0
 .glue_7        0x10007cac        0x0 linker stubs

.glue_7t        0x10007cac        0x0
 .glue_7t       0x10007cac        0x0 linker stubs

.vfp11_veneer   0x10007cac        0x0
 .vfp11_veneer  0x10007cac        0x0 linker stubs

.v4_bx          0x10007cac        0x0
 .v4_bx         0x10007cac        0x0 linker stubs

.iplt           0x10007cac        0x0
 .iplt          0x10007cac        0x0 C:/Users/ronal/.pico-sdk/toolchain/13_3_Rel1/bin/../lib/gcc/arm-none-eabi/13.3.1/thumb/v6-m/nofp/crtbegin.o

.rodata         0x10007cb0      0xba4
 *(EXCLUDE_FILE(*libm.a: *libc.a:*lib_a-mem*.o *libgcc.a:) .rodata*)
 .rodata.main_joystick.str1.4
                0x10007cb0      0x234 CMakeFiles/Menu_oled.dir/Menu_oled.c.obj
                                  0xd (size before relaxing)
 .rodata.print_menu.str1.4
                0x10007ee4       0x38 CMakeFiles/Menu_oled.dir/Menu_oled.c.obj
 .rodata.note_duration
                0x10007ee4      0x140 CMakeFiles/Menu_oled.dir/Menu_oled.c.obj
                0x10007ee4                note_duration
 .rodata.star_wars_notes
                0x10008024      0x1a0 CMakeFiles/Menu_oled.dir/Menu_oled.c.obj
                0x10008024                star_wars_notes
 .rodata.ssd1306_init.str1.4
                0x100081c4       0x3f CMakeFiles/Menu_oled.dir/ssd1306.c.obj
 .rodata.ssd1306_show.str1.4
                0x100081c4        0xd CMakeFiles/Menu_oled.dir/ssd1306.c.obj
 .rodata.font_8x5
                0x100081c4      0x1e0 CMakeFiles/Menu_oled.dir/ssd1306.c.obj
                0x100081c4                font_8x5
 .rodata.panic.str1.4
                0x100083a4       0x12 CMakeFiles/Menu_oled.dir/C_/Users/ronal/.pico-sdk/sdk/2.1.0/src/rp2_common/pico_platform_panic/panic.c.obj
 .rodata.spin_lock_claim_unused.str1.4
                0x100083a4       0x1b CMakeFiles/Menu_oled.dir/C_/Users/ronal/.pico-sdk/sdk/2.1.0/src/rp2_common/hardware_sync/sync.c.obj
 .rodata.user_irq_claim_unused.str1.4
                0x100083a4       0x1b CMakeFiles/Menu_oled.dir/C_/Users/ronal/.pico-sdk/sdk/2.1.0/src/rp2_common/hardware_irq/irq.c.obj
 .rodata.timer_hardware_alarm_claim.str1.4
                0x100083a4       0x22 CMakeFiles/Menu_oled.dir/C_/Users/ronal/.pico-sdk/sdk/2.1.0/src/rp2_common/hardware_timer/timer.c.obj
 .rodata.hard_assertion_failure.str1.4
                0x100083a4        0xc CMakeFiles/Menu_oled.dir/C_/Users/ronal/.pico-sdk/sdk/2.1.0/src/rp2_common/pico_runtime/runtime.c.obj
 .rodata.missing_double_func_shim.str1.4
                0x100083a4       0x18 CMakeFiles/Menu_oled.dir/C_/Users/ronal/.pico-sdk/sdk/2.1.0/src/rp2_common/pico_double/double_init_rom_rp2040.c.obj
 .rodata.missing_float_func_shim.str1.4
                0x100083a4        0x1 CMakeFiles/Menu_oled.dir/C_/Users/ronal/.pico-sdk/sdk/2.1.0/src/rp2_common/pico_float/float_init_rom_rp2040.c.obj
 .rodata.__wrap_malloc.str1.4
                0x100083a4        0xe CMakeFiles/Menu_oled.dir/C_/Users/ronal/.pico-sdk/sdk/2.1.0/src/rp2_common/pico_malloc/malloc.c.obj
 .rodata.str1.4
                0x100083a4       0x44 CMakeFiles/Menu_oled.dir/C_/Users/ronal/.pico-sdk/sdk/2.1.0/src/rp2_common/pico_standard_binary_info/standard_binary_info.c.obj
 .rodata.__bi_84
                0x100083a4        0xc CMakeFiles/Menu_oled.dir/C_/Users/ronal/.pico-sdk/sdk/2.1.0/src/rp2_common/pico_standard_binary_info/standard_binary_info.c.obj
 .rodata.__bi_78
                0x100083b0        0xc CMakeFiles/Menu_oled.dir/C_/Users/ronal/.pico-sdk/sdk/2.1.0/src/rp2_common/pico_standard_binary_info/standard_binary_info.c.obj
 .rodata.__bi_60
                0x100083bc        0xc CMakeFiles/Menu_oled.dir/C_/Users/ronal/.pico-sdk/sdk/2.1.0/src/rp2_common/pico_standard_binary_info/standard_binary_info.c.obj
 .rodata.__bi_54
                0x100083c8        0xc CMakeFiles/Menu_oled.dir/C_/Users/ronal/.pico-sdk/sdk/2.1.0/src/rp2_common/pico_standard_binary_info/standard_binary_info.c.obj
 .rodata.__bi_48
                0x100083d4        0xc CMakeFiles/Menu_oled.dir/C_/Users/ronal/.pico-sdk/sdk/2.1.0/src/rp2_common/pico_standard_binary_info/standard_binary_info.c.obj
 .rodata.__bi_42
                0x100083e0        0xc CMakeFiles/Menu_oled.dir/C_/Users/ronal/.pico-sdk/sdk/2.1.0/src/rp2_common/pico_standard_binary_info/standard_binary_info.c.obj
 .rodata.__bi_34
                0x100083ec        0xc CMakeFiles/Menu_oled.dir/C_/Users/ronal/.pico-sdk/sdk/2.1.0/src/rp2_common/pico_standard_binary_info/standard_binary_info.c.obj
 .rodata.__bi_26
                0x100083f8        0xc CMakeFiles/Menu_oled.dir/C_/Users/ronal/.pico-sdk/sdk/2.1.0/src/rp2_common/pico_standard_binary_info/standard_binary_info.c.obj
 .rodata._ftoa.str1.4
                0x10008404       0x15 CMakeFiles/Menu_oled.dir/C_/Users/ronal/.pico-sdk/sdk/2.1.0/src/rp2_common/pico_printf/printf.c.obj
 .rodata._vsnprintf
                0x10008404      0x19c CMakeFiles/Menu_oled.dir/C_/Users/ronal/.pico-sdk/sdk/2.1.0/src/rp2_common/pico_printf/printf.c.obj
 .rodata.pow10.0
                0x100085a0       0x50 CMakeFiles/Menu_oled.dir/C_/Users/ronal/.pico-sdk/sdk/2.1.0/src/rp2_common/pico_printf/printf.c.obj
 .rodata.crlf_str.0
                0x100085f0        0x2 CMakeFiles/Menu_oled.dir/C_/Users/ronal/.pico-sdk/sdk/2.1.0/src/rp2_common/pico_stdio/stdio.c.obj
 *fill*         0x100085f2        0x2 
 .rodata._resetd_driver
                0x100085f4       0x20 CMakeFiles/Menu_oled.dir/C_/Users/ronal/.pico-sdk/sdk/2.1.0/src/rp2_common/pico_stdio_usb/reset_interface.c.obj
 .rodata.desc_ms_os_20
                0x10008614       0xa6 CMakeFiles/Menu_oled.dir/C_/Users/ronal/.pico-sdk/sdk/2.1.0/src/rp2_common/pico_stdio_usb/reset_interface.c.obj
 *fill*         0x100086ba        0x2 
 .rodata.desc_bos
                0x100086bc       0x21 CMakeFiles/Menu_oled.dir/C_/Users/ronal/.pico-sdk/sdk/2.1.0/src/rp2_common/pico_stdio_usb/reset_interface.c.obj
                0x100086bc                desc_bos
 .rodata.str1.4
                0x100086dd       0x13 CMakeFiles/Menu_oled.dir/C_/Users/ronal/.pico-sdk/sdk/2.1.0/src/rp2_common/pico_stdio_usb/stdio_usb.c.obj
 *fill*         0x100086dd        0x3 
 .rodata.__bi_197.0
                0x100086e0        0xc CMakeFiles/Menu_oled.dir/C_/Users/ronal/.pico-sdk/sdk/2.1.0/src/rp2_common/pico_stdio_usb/stdio_usb.c.obj
 .rodata.str1.4
                0x100086ec       0x2a CMakeFiles/Menu_oled.dir/C_/Users/ronal/.pico-sdk/sdk/2.1.0/src/rp2_common/pico_stdio_usb/stdio_usb_descriptors.c.obj
 .rodata.usbd_desc_str
                0x100086ec       0x18 CMakeFiles/Menu_oled.dir/C_/Users/ronal/.pico-sdk/sdk/2.1.0/src/rp2_common/pico_stdio_usb/stdio_usb_descriptors.c.obj
 .rodata.usbd_desc_cfg
                0x10008704       0x54 CMakeFiles/Menu_oled.dir/C_/Users/ronal/.pico-sdk/sdk/2.1.0/src/rp2_common/pico_stdio_usb/stdio_usb_descriptors.c.obj
 .rodata.usbd_desc_device
                0x10008758       0x12 CMakeFiles/Menu_oled.dir/C_/Users/ronal/.pico-sdk/sdk/2.1.0/src/rp2_common/pico_stdio_usb/stdio_usb_descriptors.c.obj
 .rodata.str1.4
                0x1000876a       0x14 CMakeFiles/Menu_oled.dir/C_/Users/ronal/.pico-sdk/sdk/2.1.0/lib/tinyusb/src/portable/raspberrypi/rp2040/dcd_rp2040.c.obj
 .rodata.str1.4
                0x1000876a       0x48 CMakeFiles/Menu_oled.dir/C_/Users/ronal/.pico-sdk/sdk/2.1.0/lib/tinyusb/src/portable/raspberrypi/rp2040/rp2040_usb.c.obj
 *fill*         0x1000876a        0x2 
 .rodata.tud_task_ext
                0x1000876c       0x8c CMakeFiles/Menu_oled.dir/C_/Users/ronal/.pico-sdk/sdk/2.1.0/lib/tinyusb/src/device/usbd.c.obj
 .rodata        0x100087f8       0x1c CMakeFiles/Menu_oled.dir/C_/Users/ronal/.pico-sdk/sdk/2.1.0/lib/tinyusb/src/device/usbd.c.obj
 .rodata._usbd_driver
                0x10008814       0x40 CMakeFiles/Menu_oled.dir/C_/Users/ronal/.pico-sdk/sdk/2.1.0/lib/tinyusb/src/device/usbd.c.obj
                0x10008854                        . = ALIGN (0x4)
 *(SORT_BY_ALIGNMENT(SORT_BY_NAME(.flashdata*)))
                0x10008854                        . = ALIGN (0x4)

.ARM.extab
 *(.ARM.extab* .gnu.linkonce.armextab.*)
                0x10008854                        __exidx_start = .

.ARM.exidx
 *(.ARM.exidx* .gnu.linkonce.armexidx.*)
                0x10008854                        __exidx_end = .
                0x10008854                        . = ALIGN (0x4)
                0x10008854                        __binary_info_start = .

.binary_info    0x10008854       0x24
 *(.binary_info.keep.*)
 .binary_info.keep.__bi_ptr84
                0x10008854        0x4 CMakeFiles/Menu_oled.dir/C_/Users/ronal/.pico-sdk/sdk/2.1.0/src/rp2_common/pico_standard_binary_info/standard_binary_info.c.obj
 .binary_info.keep.__bi_ptr78
                0x10008858        0x4 CMakeFiles/Menu_oled.dir/C_/Users/ronal/.pico-sdk/sdk/2.1.0/src/rp2_common/pico_standard_binary_info/standard_binary_info.c.obj
 .binary_info.keep.__bi_ptr60
                0x1000885c        0x4 CMakeFiles/Menu_oled.dir/C_/Users/ronal/.pico-sdk/sdk/2.1.0/src/rp2_common/pico_standard_binary_info/standard_binary_info.c.obj
 .binary_info.keep.__bi_ptr54
                0x10008860        0x4 CMakeFiles/Menu_oled.dir/C_/Users/ronal/.pico-sdk/sdk/2.1.0/src/rp2_common/pico_standard_binary_info/standard_binary_info.c.obj
 .binary_info.keep.__bi_ptr48
                0x10008864        0x4 CMakeFiles/Menu_oled.dir/C_/Users/ronal/.pico-sdk/sdk/2.1.0/src/rp2_common/pico_standard_binary_info/standard_binary_info.c.obj
 .binary_info.keep.__bi_ptr42
                0x10008868        0x4 CMakeFiles/Menu_oled.dir/C_/Users/ronal/.pico-sdk/sdk/2.1.0/src/rp2_common/pico_standard_binary_info/standard_binary_info.c.obj
 .binary_info.keep.__bi_ptr34
                0x1000886c        0x4 CMakeFiles/Menu_oled.dir/C_/Users/ronal/.pico-sdk/sdk/2.1.0/src/rp2_common/pico_standard_binary_info/standard_binary_info.c.obj
 .binary_info.keep.__bi_ptr26
                0x10008870        0x4 CMakeFiles/Menu_oled.dir/C_/Users/ronal/.pico-sdk/sdk/2.1.0/src/rp2_common/pico_standard_binary_info/standard_binary_info.c.obj
 *(.binary_info.*)
 .binary_info.__bi_ptr197
                0x10008874        0x4 CMakeFiles/Menu_oled.dir/C_/Users/ronal/.pico-sdk/sdk/2.1.0/src/rp2_common/pico_stdio_usb/stdio_usb.c.obj
                0x10008878                        __binary_info_end = .

.rel.dyn        0x10008878        0x0
 .rel.iplt      0x10008878        0x0 C:/Users/ronal/.pico-sdk/toolchain/13_3_Rel1/bin/../lib/gcc/arm-none-eabi/13.3.1/thumb/v6-m/nofp/crtbegin.o
                0x10008878                        . = ALIGN (0x4)

.ram_vector_table
                0x20000000       0xc0
 *(.ram_vector_table)
 .ram_vector_table
                0x20000000       0xc0 CMakeFiles/Menu_oled.dir/C_/Users/ronal/.pico-sdk/sdk/2.1.0/src/rp2_common/pico_runtime_init/runtime_init.c.obj
                0x20000000                ram_vector_table

.uninitialized_data
                0x200000c0        0x0
                0x200000c0                        . = ALIGN (0x4)
 *(.uninitialized_data*)

.data           0x200000c0     0x1508 load address 0x10008878
                0x200000c0                        __data_start__ = .
 *(vtable)
 *(.time_critical*)
 .time_critical.mutex_try_enter
                0x200000c0       0x40 CMakeFiles/Menu_oled.dir/C_/Users/ronal/.pico-sdk/sdk/2.1.0/src/common/pico_sync/mutex.c.obj
                0x200000c0                mutex_try_enter
 .time_critical.mutex_try_enter_block_until
                0x20000100       0x9c CMakeFiles/Menu_oled.dir/C_/Users/ronal/.pico-sdk/sdk/2.1.0/src/common/pico_sync/mutex.c.obj
                0x20000100                mutex_try_enter_block_until
 .time_critical.mutex_enter_timeout_ms
                0x2000019c       0x90 CMakeFiles/Menu_oled.dir/C_/Users/ronal/.pico-sdk/sdk/2.1.0/src/common/pico_sync/mutex.c.obj
                0x2000019c                mutex_enter_timeout_ms
 .time_critical.mutex_exit
                0x2000022c       0x28 CMakeFiles/Menu_oled.dir/C_/Users/ronal/.pico-sdk/sdk/2.1.0/src/common/pico_sync/mutex.c.obj
                0x2000022c                mutex_exit
 .time_critical.flash_init_boot2_copyout
                0x20000254       0x30 CMakeFiles/Menu_oled.dir/C_/Users/ronal/.pico-sdk/sdk/2.1.0/src/rp2_common/hardware_flash/flash.c.obj
 .time_critical.flash_enable_xip_via_boot2
                0x20000284        0xc CMakeFiles/Menu_oled.dir/C_/Users/ronal/.pico-sdk/sdk/2.1.0/src/rp2_common/hardware_flash/flash.c.obj
 .time_critical.flash_cs_force
                0x20000290       0x38 CMakeFiles/Menu_oled.dir/C_/Users/ronal/.pico-sdk/sdk/2.1.0/src/rp2_common/hardware_flash/flash.c.obj
 .time_critical.flash_do_cmd
                0x200002c8       0xc0 CMakeFiles/Menu_oled.dir/C_/Users/ronal/.pico-sdk/sdk/2.1.0/src/rp2_common/hardware_flash/flash.c.obj
                0x200002c8                flash_do_cmd
 .time_critical.reset_non_control_endpoints
                0x20000388       0x68 CMakeFiles/Menu_oled.dir/C_/Users/ronal/.pico-sdk/sdk/2.1.0/lib/tinyusb/src/portable/raspberrypi/rp2040/dcd_rp2040.c.obj
 .time_critical.hw_handle_buff_status
                0x200003f0       0xb0 CMakeFiles/Menu_oled.dir/C_/Users/ronal/.pico-sdk/sdk/2.1.0/lib/tinyusb/src/portable/raspberrypi/rp2040/dcd_rp2040.c.obj
 .time_critical.dcd_rp2040_irq
                0x200004a0      0x578 CMakeFiles/Menu_oled.dir/C_/Users/ronal/.pico-sdk/sdk/2.1.0/lib/tinyusb/src/portable/raspberrypi/rp2040/dcd_rp2040.c.obj
 .time_critical.prepare_ep_buffer
                0x20000a18       0xe0 CMakeFiles/Menu_oled.dir/C_/Users/ronal/.pico-sdk/sdk/2.1.0/lib/tinyusb/src/portable/raspberrypi/rp2040/rp2040_usb.c.obj
 .time_critical.sync_ep_buffer
                0x20000af8       0xa8 CMakeFiles/Menu_oled.dir/C_/Users/ronal/.pico-sdk/sdk/2.1.0/lib/tinyusb/src/portable/raspberrypi/rp2040/rp2040_usb.c.obj
 .time_critical._hw_endpoint_xfer_sync
                0x20000ba0       0x28 CMakeFiles/Menu_oled.dir/C_/Users/ronal/.pico-sdk/sdk/2.1.0/lib/tinyusb/src/portable/raspberrypi/rp2040/rp2040_usb.c.obj
 .time_critical.e15_is_bulkin_ep
                0x20000bc8       0x28 CMakeFiles/Menu_oled.dir/C_/Users/ronal/.pico-sdk/sdk/2.1.0/lib/tinyusb/src/portable/raspberrypi/rp2040/rp2040_usb.c.obj
 .time_critical.e15_is_critical_frame_period
                0x20000bf0       0x34 CMakeFiles/Menu_oled.dir/C_/Users/ronal/.pico-sdk/sdk/2.1.0/lib/tinyusb/src/portable/raspberrypi/rp2040/rp2040_usb.c.obj
 .time_critical.hw_endpoint_reset_transfer
                0x20000c24        0xc CMakeFiles/Menu_oled.dir/C_/Users/ronal/.pico-sdk/sdk/2.1.0/lib/tinyusb/src/portable/raspberrypi/rp2040/rp2040_usb.c.obj
                0x20000c24                hw_endpoint_reset_transfer
 .time_critical._hw_endpoint_buffer_control_update32
                0x20000c30       0x50 CMakeFiles/Menu_oled.dir/C_/Users/ronal/.pico-sdk/sdk/2.1.0/lib/tinyusb/src/portable/raspberrypi/rp2040/rp2040_usb.c.obj
                0x20000c30                _hw_endpoint_buffer_control_update32
 .time_critical.hw_endpoint_start_next_buffer
                0x20000c80       0x6c CMakeFiles/Menu_oled.dir/C_/Users/ronal/.pico-sdk/sdk/2.1.0/lib/tinyusb/src/portable/raspberrypi/rp2040/rp2040_usb.c.obj
                0x20000c80                hw_endpoint_start_next_buffer
 .time_critical.hw_endpoint_xfer_continue
                0x20000cec       0x40 CMakeFiles/Menu_oled.dir/C_/Users/ronal/.pico-sdk/sdk/2.1.0/lib/tinyusb/src/portable/raspberrypi/rp2040/rp2040_usb.c.obj
                0x20000cec                hw_endpoint_xfer_continue
 .time_critical.tinyusb
                0x20000d2c      0x1e4 CMakeFiles/Menu_oled.dir/C_/Users/ronal/.pico-sdk/sdk/2.1.0/lib/tinyusb/src/device/usbd.c.obj
                0x20000d2c                dcd_event_handler
 *(.text*)
 .text          0x20000f10        0x4 C:/Users/ronal/.pico-sdk/toolchain/13_3_Rel1/bin/../lib/gcc/arm-none-eabi/13.3.1/thumb/v6-m/nofp\libgcc.a(_dvmd_tls.o)
                0x20000f10                __aeabi_idiv0
                0x20000f10                __aeabi_ldiv0
 *fill*         0x20000f14        0x4 
 .text.__stub   0x20000f18       0x80 linker stubs
                0x20000f98                        . = ALIGN (0x4)
 *(.rodata*)
                0x20000f98                        . = ALIGN (0x4)
 *(.data*)
 .data.striped_spin_lock_num
                0x20000f98        0x1 CMakeFiles/Menu_oled.dir/C_/Users/ronal/.pico-sdk/sdk/2.1.0/src/rp2_common/hardware_sync/sync.c.obj
 *fill*         0x20000f99        0x3 
 .data          0x20000f9c       0x48 CMakeFiles/Menu_oled.dir/C_/Users/ronal/.pico-sdk/sdk/2.1.0/src/rp2_common/hardware_irq/irq_handler_chain.S.obj
                0x20000f9c                irq_handler_chain_slots
                0x20000fcc                irq_handler_chain_first_slot
                0x20000fd6                irq_handler_chain_remove_tail
 .data.default_alarm_pool
                0x20000fe4       0x18 CMakeFiles/Menu_oled.dir/C_/Users/ronal/.pico-sdk/sdk/2.1.0/src/common/pico_time/time.c.obj
 *fill*         0x20000ffc        0x4 
 .data.aeabi_bits_funcs
                0x20001000       0x10 CMakeFiles/Menu_oled.dir/C_/Users/ronal/.pico-sdk/sdk/2.1.0/src/rp2_common/pico_bit_ops/bit_ops_aeabi.S.obj
                0x20001000                aeabi_bits_funcs
                0x20001010                aeabi_bits_funcs_end
 .data.aeabi_mem_funcs
                0x20001010       0x10 CMakeFiles/Menu_oled.dir/C_/Users/ronal/.pico-sdk/sdk/2.1.0/src/rp2_common/pico_mem_ops/mem_ops_aeabi.S.obj
                0x20001010                aeabi_mem_funcs
                0x20001020                aeabi_mem_funcs_end
 .data.stdio_usb
                0x20001020       0x18 CMakeFiles/Menu_oled.dir/C_/Users/ronal/.pico-sdk/sdk/2.1.0/src/rp2_common/pico_stdio_usb/stdio_usb.c.obj
                0x20001020                stdio_usb
 .data._usbd_qdef
                0x20001038       0x1c CMakeFiles/Menu_oled.dir/C_/Users/ronal/.pico-sdk/sdk/2.1.0/lib/tinyusb/src/device/usbd.c.obj
                0x20001038                _usbd_qdef
 .data._usbd_rhport
                0x20001054        0x1 CMakeFiles/Menu_oled.dir/C_/Users/ronal/.pico-sdk/sdk/2.1.0/lib/tinyusb/src/device/usbd.c.obj
 *fill*         0x20001055        0x3 
 .data.i2c1_inst
                0x20001058        0x8 CMakeFiles/Menu_oled.dir/C_/Users/ronal/.pico-sdk/sdk/2.1.0/src/rp2_common/hardware_i2c/i2c.c.obj
                0x20001058                i2c1_inst
 .data.i2c0_inst
                0x20001060        0x8 CMakeFiles/Menu_oled.dir/C_/Users/ronal/.pico-sdk/sdk/2.1.0/src/rp2_common/hardware_i2c/i2c.c.obj
                0x20001060                i2c0_inst
 .data.__malloc_sbrk_base
                0x20001068        0x4 C:/Users/ronal/.pico-sdk/toolchain/13_3_Rel1/bin/../lib/gcc/arm-none-eabi/13.3.1/thumb/v6-m/nofp\libg.a(libc_a-mallocr.o)
                0x20001068                __malloc_sbrk_base
 .data.__malloc_trim_threshold
                0x2000106c        0x4 C:/Users/ronal/.pico-sdk/toolchain/13_3_Rel1/bin/../lib/gcc/arm-none-eabi/13.3.1/thumb/v6-m/nofp\libg.a(libc_a-mallocr.o)
                0x2000106c                __malloc_trim_threshold
 .data.__malloc_av_
                0x20001070      0x408 C:/Users/ronal/.pico-sdk/toolchain/13_3_Rel1/bin/../lib/gcc/arm-none-eabi/13.3.1/thumb/v6-m/nofp\libg.a(libc_a-mallocr.o)
                0x20001070                __malloc_av_
 .data._impure_ptr
                0x20001478        0x4 C:/Users/ronal/.pico-sdk/toolchain/13_3_Rel1/bin/../lib/gcc/arm-none-eabi/13.3.1/thumb/v6-m/nofp\libg.a(libc_a-impure.o)
                0x20001478                _impure_ptr
 *fill*         0x2000147c        0x4 
 .data._impure_data
                0x20001480      0x140 C:/Users/ronal/.pico-sdk/toolchain/13_3_Rel1/bin/../lib/gcc/arm-none-eabi/13.3.1/thumb/v6-m/nofp\libg.a(libc_a-impure.o)
                0x20001480                _impure_data
                0x200015c0                        . = ALIGN (0x4)
 *(.after_data.*)
                0x200015c0                        . = ALIGN (0x4)
                0x200015c0                        PROVIDE (__mutex_array_start = .)
 *(SORT_BY_NAME(.mutex_array.*))
 *(.mutex_array)
 .mutex_array   0x200015c0        0x8 CMakeFiles/Menu_oled.dir/C_/Users/ronal/.pico-sdk/sdk/2.1.0/src/rp2_common/pico_stdio/stdio.c.obj
                0x200015c8                        PROVIDE (__mutex_array_end = .)
                0x200015c8                        . = ALIGN (0x4)
 *(.jcr)
                0x200015c8                        . = ALIGN (0x4)

.tm_clone_table
                0x200015c8        0x0 load address 0x10009d80
 .tm_clone_table
                0x200015c8        0x0 C:/Users/ronal/.pico-sdk/toolchain/13_3_Rel1/bin/../lib/gcc/arm-none-eabi/13.3.1/thumb/v6-m/nofp/crtbegin.o
 .tm_clone_table
                0x200015c8        0x0 C:/Users/ronal/.pico-sdk/toolchain/13_3_Rel1/bin/../lib/gcc/arm-none-eabi/13.3.1/thumb/v6-m/nofp/crtend.o

.igot.plt       0x200015c8        0x0 load address 0x10009d80
 .igot.plt      0x200015c8        0x0 C:/Users/ronal/.pico-sdk/toolchain/13_3_Rel1/bin/../lib/gcc/arm-none-eabi/13.3.1/thumb/v6-m/nofp/crtbegin.o

.tdata          0x200015c8        0x0 load address 0x10009d80
                0x200015c8                        . = ALIGN (0x4)
 *(.tdata .tdata.* .gnu.linkonce.td.*)
                0x200015c8                        __tdata_end = .
                0x200015c8                        PROVIDE (__data_end__ = .)
                0x10008878                        __etext = LOADADDR (.data)

.tbss           0x200015c8        0x0 load address 0x10009d80
                0x200015c8                        . = ALIGN (0x4)
                0x200015c8                        __bss_start__ = .
                0x200015c8                        __tls_base = .
 *(.tbss .tbss.* .gnu.linkonce.tb.*)
 *(.tcommon)
                0x200015c8                        __tls_end = .

.bss            0x200015c8     0x1210 load address 0x10009d80
                0x200015c8                        . = ALIGN (0x4)
                0x200015c8                        __tbss_end = .
 *(SORT_BY_ALIGNMENT(SORT_BY_NAME(.bss*)))
 .bss.default_alarm_pool_entries
                0x200015c8      0x180 CMakeFiles/Menu_oled.dir/C_/Users/ronal/.pico-sdk/sdk/2.1.0/src/common/pico_time/time.c.obj
 .bss.last_avail_time.1
                0x20001748        0x8 CMakeFiles/Menu_oled.dir/C_/Users/ronal/.pico-sdk/sdk/2.1.0/src/rp2_common/pico_stdio_usb/stdio_usb.c.obj
 .bss.sd_table  0x20001750      0x100 CMakeFiles/Menu_oled.dir/C_/Users/ronal/.pico-sdk/sdk/2.1.0/src/rp2_common/pico_double/double_init_rom_rp2040.c.obj
                0x20001750                sd_table
 .bss.__lock___malloc_recursive_mutex
                0x20001850        0x1 C:/Users/ronal/.pico-sdk/toolchain/13_3_Rel1/bin/../lib/gcc/arm-none-eabi/13.3.1/thumb/v6-m/nofp\libg.a(libc_a-lock.o)
                0x20001850                __lock___malloc_recursive_mutex
 *fill*         0x20001851        0x3 
 .bss.__malloc_current_mallinfo
                0x20001854       0x28 C:/Users/ronal/.pico-sdk/toolchain/13_3_Rel1/bin/../lib/gcc/arm-none-eabi/13.3.1/thumb/v6-m/nofp\libg.a(libc_a-mallocr.o)
                0x20001854                __malloc_current_mallinfo
 .bss.__malloc_max_sbrked_mem
                0x2000187c        0x4 C:/Users/ronal/.pico-sdk/toolchain/13_3_Rel1/bin/../lib/gcc/arm-none-eabi/13.3.1/thumb/v6-m/nofp\libg.a(libc_a-mallocr.o)
                0x2000187c                __malloc_max_sbrked_mem
 .bss.__malloc_max_total_mem
                0x20001880        0x4 C:/Users/ronal/.pico-sdk/toolchain/13_3_Rel1/bin/../lib/gcc/arm-none-eabi/13.3.1/thumb/v6-m/nofp\libg.a(libc_a-mallocr.o)
                0x20001880                __malloc_max_total_mem
 .bss.__malloc_top_pad
                0x20001884        0x4 C:/Users/ronal/.pico-sdk/toolchain/13_3_Rel1/bin/../lib/gcc/arm-none-eabi/13.3.1/thumb/v6-m/nofp\libg.a(libc_a-mallocr.o)
                0x20001884                __malloc_top_pad
 .bss.__sf      0x20001888      0x138 C:/Users/ronal/.pico-sdk/toolchain/13_3_Rel1/bin/../lib/gcc/arm-none-eabi/13.3.1/thumb/v6-m/nofp\libg.a(libc_a-findfp.o)
                0x20001888                __sf
 .bss._app_driver
                0x200019c0        0x4 CMakeFiles/Menu_oled.dir/C_/Users/ronal/.pico-sdk/sdk/2.1.0/lib/tinyusb/src/device/usbd.c.obj
 .bss._cdcd_fifo_cfg
                0x200019c4        0x1 CMakeFiles/Menu_oled.dir/C_/Users/ronal/.pico-sdk/sdk/2.1.0/lib/tinyusb/src/class/cdc/cdc_device.c.obj
 *fill*         0x200019c5        0x3 
 .bss._cdcd_itf
                0x200019c8      0x2c8 CMakeFiles/Menu_oled.dir/C_/Users/ronal/.pico-sdk/sdk/2.1.0/lib/tinyusb/src/class/cdc/cdc_device.c.obj
 .bss._ctrl_xfer
                0x20001c90       0x14 CMakeFiles/Menu_oled.dir/C_/Users/ronal/.pico-sdk/sdk/2.1.0/lib/tinyusb/src/device/usbd_control.c.obj
 .bss._ubsd_mutexdef
                0x20001ca4        0x8 CMakeFiles/Menu_oled.dir/C_/Users/ronal/.pico-sdk/sdk/2.1.0/lib/tinyusb/src/device/usbd.c.obj
 .bss._usbd_ctrl_buf
                0x20001cac       0x40 CMakeFiles/Menu_oled.dir/C_/Users/ronal/.pico-sdk/sdk/2.1.0/lib/tinyusb/src/device/usbd_control.c.obj
 .bss._usbd_dev
                0x20001cec       0x54 CMakeFiles/Menu_oled.dir/C_/Users/ronal/.pico-sdk/sdk/2.1.0/lib/tinyusb/src/device/usbd.c.obj
 .bss._usbd_mutex
                0x20001d40        0x4 CMakeFiles/Menu_oled.dir/C_/Users/ronal/.pico-sdk/sdk/2.1.0/lib/tinyusb/src/device/usbd.c.obj
 .bss._usbd_q   0x20001d44        0x4 CMakeFiles/Menu_oled.dir/C_/Users/ronal/.pico-sdk/sdk/2.1.0/lib/tinyusb/src/device/usbd.c.obj
 .bss._usbd_qdef_buf
                0x20001d48       0xc0 CMakeFiles/Menu_oled.dir/C_/Users/ronal/.pico-sdk/sdk/2.1.0/lib/tinyusb/src/device/usbd.c.obj
                0x20001d48                _usbd_qdef_buf
 .bss._vendord_itf
                0x20001e08      0x2cc CMakeFiles/Menu_oled.dir/C_/Users/ronal/.pico-sdk/sdk/2.1.0/lib/tinyusb/src/class/vendor/vendor_device.c.obj
 .bss.boot2_copyout
                0x200020d4      0x100 CMakeFiles/Menu_oled.dir/C_/Users/ronal/.pico-sdk/sdk/2.1.0/src/rp2_common/hardware_flash/flash.c.obj
 .bss.chars_available_callback
                0x200021d4        0x4 CMakeFiles/Menu_oled.dir/C_/Users/ronal/.pico-sdk/sdk/2.1.0/src/rp2_common/pico_stdio_usb/stdio_usb.c.obj
 .bss.chars_available_param
                0x200021d8        0x4 CMakeFiles/Menu_oled.dir/C_/Users/ronal/.pico-sdk/sdk/2.1.0/src/rp2_common/pico_stdio_usb/stdio_usb.c.obj
 .bss.claimed   0x200021dc        0x4 CMakeFiles/Menu_oled.dir/C_/Users/ronal/.pico-sdk/sdk/2.1.0/src/rp2_common/hardware_sync/sync.c.obj
 .bss.claimed   0x200021e0        0x1 CMakeFiles/Menu_oled.dir/C_/Users/ronal/.pico-sdk/sdk/2.1.0/src/rp2_common/hardware_timer/timer.c.obj
 *fill*         0x200021e1        0x3 
 .bss.configured_freq
                0x200021e4       0x28 CMakeFiles/Menu_oled.dir/C_/Users/ronal/.pico-sdk/sdk/2.1.0/src/rp2_common/hardware_clocks/clocks.c.obj
 .bss.desc_str.0
                0x2000220c       0x28 CMakeFiles/Menu_oled.dir/C_/Users/ronal/.pico-sdk/sdk/2.1.0/src/rp2_common/pico_stdio_usb/stdio_usb_descriptors.c.obj
 .bss.disp      0x20002234       0x14 CMakeFiles/Menu_oled.dir/Menu_oled.c.obj
                0x20002234                disp
 .bss.drivers   0x20002248        0x4 CMakeFiles/Menu_oled.dir/C_/Users/ronal/.pico-sdk/sdk/2.1.0/src/rp2_common/pico_stdio/stdio.c.obj
 .bss.e15_last_sof
                0x2000224c        0x4 CMakeFiles/Menu_oled.dir/C_/Users/ronal/.pico-sdk/sdk/2.1.0/lib/tinyusb/src/portable/raspberrypi/rp2040/rp2040_usb.c.obj
                0x2000224c                e15_last_sof
 .bss.errno     0x20002250        0x4 C:/Users/ronal/.pico-sdk/toolchain/13_3_Rel1/bin/../lib/gcc/arm-none-eabi/13.3.1/thumb/v6-m/nofp\libg.a(libc_a-reent.o)
                0x20002250                errno
 .bss.filter    0x20002254        0x4 CMakeFiles/Menu_oled.dir/C_/Users/ronal/.pico-sdk/sdk/2.1.0/src/rp2_common/pico_stdio/stdio.c.obj
 .bss.heap_end.0
                0x20002258        0x4 CMakeFiles/Menu_oled.dir/C_/Users/ronal/.pico-sdk/sdk/2.1.0/src/rp2_common/pico_clib_interface/newlib_interface.c.obj
 .bss.hw_endpoints
                0x2000225c      0x400 CMakeFiles/Menu_oled.dir/C_/Users/ronal/.pico-sdk/sdk/2.1.0/lib/tinyusb/src/portable/raspberrypi/rp2040/dcd_rp2040.c.obj
 .bss.lazy_vsnprintf
                0x2000265c        0x4 CMakeFiles/Menu_oled.dir/C_/Users/ronal/.pico-sdk/sdk/2.1.0/src/rp2_common/pico_printf/printf.c.obj
 .bss.load_value
                0x20002660        0x4 CMakeFiles/Menu_oled.dir/C_/Users/ronal/.pico-sdk/sdk/2.1.0/src/rp2_common/hardware_watchdog/watchdog.c.obj
 .bss.next_buffer_ptr
                0x20002664        0x4 CMakeFiles/Menu_oled.dir/C_/Users/ronal/.pico-sdk/sdk/2.1.0/lib/tinyusb/src/portable/raspberrypi/rp2040/dcd_rp2040.c.obj
 .bss.object.0  0x20002668       0x18 C:/Users/ronal/.pico-sdk/toolchain/13_3_Rel1/bin/../lib/gcc/arm-none-eabi/13.3.1/thumb/v6-m/nofp/crtbegin.o
 .bss.one_shot_timer_crit_sec
                0x20002680        0x8 CMakeFiles/Menu_oled.dir/C_/Users/ronal/.pico-sdk/sdk/2.1.0/src/rp2_common/pico_stdio_usb/stdio_usb.c.obj
 .bss.pools     0x20002688       0x10 CMakeFiles/Menu_oled.dir/C_/Users/ronal/.pico-sdk/sdk/2.1.0/src/common/pico_time/time.c.obj
 .bss.retrieved_id
                0x20002698        0x8 CMakeFiles/Menu_oled.dir/C_/Users/ronal/.pico-sdk/sdk/2.1.0/src/rp2_common/pico_unique_id/unique_id.c.obj
 .bss.sf_clz_func
                0x200026a0        0x4 CMakeFiles/Menu_oled.dir/C_/Users/ronal/.pico-sdk/sdk/2.1.0/src/rp2_common/pico_double/double_init_rom_rp2040.c.obj
                0x200026a0                sf_clz_func
 .bss.sf_table  0x200026a4      0x100 CMakeFiles/Menu_oled.dir/C_/Users/ronal/.pico-sdk/sdk/2.1.0/src/rp2_common/pico_float/float_init_rom_rp2040.c.obj
                0x200026a4                sf_table
 .bss.sleep_notifier
                0x200027a4        0x4 CMakeFiles/Menu_oled.dir/C_/Users/ronal/.pico-sdk/sdk/2.1.0/src/common/pico_time/time.c.obj
 .bss.slice_led_b
                0x200027a8        0x4 CMakeFiles/Menu_oled.dir/Menu_oled.c.obj
                0x200027a8                slice_led_b
 .bss.slice_led_r
                0x200027ac        0x4 CMakeFiles/Menu_oled.dir/Menu_oled.c.obj
                0x200027ac                slice_led_r
 .bss.stdio_usb_mutex
                0x200027b0        0x8 CMakeFiles/Menu_oled.dir/C_/Users/ronal/.pico-sdk/sdk/2.1.0/src/rp2_common/pico_stdio_usb/stdio_usb.c.obj
 .bss.usbd_serial_str
                0x200027b8       0x11 CMakeFiles/Menu_oled.dir/C_/Users/ronal/.pico-sdk/sdk/2.1.0/src/rp2_common/pico_stdio_usb/stdio_usb_descriptors.c.obj
 *fill*         0x200027c9        0x1 
 .bss.led_b_level
                0x200027ca        0x2 CMakeFiles/Menu_oled.dir/Menu_oled.c.obj
                0x200027ca                led_b_level
 .bss.led_r_level